Archive member included to satisfy reference by file (symbol)

c:/nxp/mcuxpressoide_10.0.2_411/ide/tools/bin/../lib/gcc/arm-none-eabi/5.4.1/../../../../arm-none-eabi/lib/armv6-m\libcr_semihost_nf.a(_cr__main.o)
                              ./startup/startup_mkl46z4.o (__main)
c:/nxp/mcuxpressoide_10.0.2_411/ide/tools/bin/../lib/gcc/arm-none-eabi/5.4.1/../../../../arm-none-eabi/lib/armv6-m\libcr_semihost_nf.a(_cr_assert.o)
                              ./drivers/fsl_clock.o (__assertion_failed)
c:/nxp/mcuxpressoide_10.0.2_411/ide/tools/bin/../lib/gcc/arm-none-eabi/5.4.1/../../../../arm-none-eabi/lib/armv6-m\libcr_semihost_nf.a(__ciob.o)
                              c:/nxp/mcuxpressoide_10.0.2_411/ide/tools/bin/../lib/gcc/arm-none-eabi/5.4.1/../../../../arm-none-eabi/lib/armv6-m\libcr_semihost_nf.a(_cr_assert.o) (__Ciob)
c:/nxp/mcuxpressoide_10.0.2_411/ide/tools/bin/../lib/gcc/arm-none-eabi/5.4.1/../../../../arm-none-eabi/lib/armv6-m\libcr_semihost_nf.a(__sys_appexit.o)
                              c:/nxp/mcuxpressoide_10.0.2_411/ide/tools/bin/../lib/gcc/arm-none-eabi/5.4.1/../../../../arm-none-eabi/lib/armv6-m\libcr_semihost_nf.a(_cr_assert.o) (__sys_appexit)
c:/nxp/mcuxpressoide_10.0.2_411/ide/tools/bin/../lib/gcc/arm-none-eabi/5.4.1/../../../../arm-none-eabi/lib/armv6-m\libcr_c.a(memcpy.o)
                              ./drivers/fsl_flash.o (memcpy)
c:/nxp/mcuxpressoide_10.0.2_411/ide/tools/bin/../lib/gcc/arm-none-eabi/5.4.1/../../../../arm-none-eabi/lib/armv6-m\libcr_c.a(memset.o)
                              ./drivers/fsl_flash.o (memset)
c:/nxp/mcuxpressoide_10.0.2_411/ide/tools/bin/../lib/gcc/arm-none-eabi/5.4.1/../../../../arm-none-eabi/lib/armv6-m\libcr_c.a(_deferredlazyseek.o)
                              c:/nxp/mcuxpressoide_10.0.2_411/ide/tools/bin/../lib/gcc/arm-none-eabi/5.4.1/../../../../arm-none-eabi/lib/armv6-m\libcr_semihost_nf.a(_cr_assert.o) (__flsbuf)
c:/nxp/mcuxpressoide_10.0.2_411/ide/tools/bin/../lib/gcc/arm-none-eabi/5.4.1/../../../../arm-none-eabi/lib/armv6-m\libcr_c.a(_fflush.o)
                              c:/nxp/mcuxpressoide_10.0.2_411/ide/tools/bin/../lib/gcc/arm-none-eabi/5.4.1/../../../../arm-none-eabi/lib/armv6-m\libcr_c.a(_deferredlazyseek.o) (_fflush)
c:/nxp/mcuxpressoide_10.0.2_411/ide/tools/bin/../lib/gcc/arm-none-eabi/5.4.1/../../../../arm-none-eabi/lib/armv6-m\libcr_c.a(_writebuf.o)
                              c:/nxp/mcuxpressoide_10.0.2_411/ide/tools/bin/../lib/gcc/arm-none-eabi/5.4.1/../../../../arm-none-eabi/lib/armv6-m\libcr_c.a(_deferredlazyseek.o) (_Cwritebuf)
c:/nxp/mcuxpressoide_10.0.2_411/ide/tools/bin/../lib/gcc/arm-none-eabi/5.4.1/../../../../arm-none-eabi/lib/armv6-m\libcr_c.a(alloc.o)
                              c:/nxp/mcuxpressoide_10.0.2_411/ide/tools/bin/../lib/gcc/arm-none-eabi/5.4.1/../../../../arm-none-eabi/lib/armv6-m\libcr_c.a(_deferredlazyseek.o) (_Csys_alloc)
c:/nxp/mcuxpressoide_10.0.2_411/ide/tools/bin/../lib/gcc/arm-none-eabi/5.4.1/../../../../arm-none-eabi/lib/armv6-m\libcr_c.a(fputs.o)
                              c:/nxp/mcuxpressoide_10.0.2_411/ide/tools/bin/../lib/gcc/arm-none-eabi/5.4.1/../../../../arm-none-eabi/lib/armv6-m\libcr_semihost_nf.a(_cr_assert.o) (fputs)
c:/nxp/mcuxpressoide_10.0.2_411/ide/tools/bin/../lib/gcc/arm-none-eabi/5.4.1/../../../../arm-none-eabi/lib/armv6-m\libcr_c.a(fseek.o)
                              c:/nxp/mcuxpressoide_10.0.2_411/ide/tools/bin/../lib/gcc/arm-none-eabi/5.4.1/../../../../arm-none-eabi/lib/armv6-m\libcr_c.a(_deferredlazyseek.o) (fseek)
c:/nxp/mcuxpressoide_10.0.2_411/ide/tools/bin/../lib/gcc/arm-none-eabi/5.4.1/../../../../arm-none-eabi/lib/armv6-m\libcr_c.a(ftell.o)
                              c:/nxp/mcuxpressoide_10.0.2_411/ide/tools/bin/../lib/gcc/arm-none-eabi/5.4.1/../../../../arm-none-eabi/lib/armv6-m\libcr_c.a(fseek.o) (ftell)
c:/nxp/mcuxpressoide_10.0.2_411/ide/tools/bin/../lib/gcc/arm-none-eabi/5.4.1/../../../../arm-none-eabi/lib/armv6-m\libcr_c.a(initio.o)
                              c:/nxp/mcuxpressoide_10.0.2_411/ide/tools/bin/../lib/gcc/arm-none-eabi/5.4.1/../../../../arm-none-eabi/lib/armv6-m\libcr_semihost_nf.a(_cr__main.o) (_initio)
c:/nxp/mcuxpressoide_10.0.2_411/ide/tools/bin/../lib/gcc/arm-none-eabi/5.4.1/../../../../arm-none-eabi/lib/armv6-m\libcr_c.a(setvbuf.o)
                              c:/nxp/mcuxpressoide_10.0.2_411/ide/tools/bin/../lib/gcc/arm-none-eabi/5.4.1/../../../../arm-none-eabi/lib/armv6-m\libcr_c.a(initio.o) (setvbuf)
c:/nxp/mcuxpressoide_10.0.2_411/ide/tools/bin/../lib/gcc/arm-none-eabi/5.4.1/../../../../arm-none-eabi/lib/armv6-m\libcr_c.a(__init_alloc.o)
                              c:/nxp/mcuxpressoide_10.0.2_411/ide/tools/bin/../lib/gcc/arm-none-eabi/5.4.1/../../../../arm-none-eabi/lib/armv6-m\libcr_c.a(alloc.o) (__heaps)
c:/nxp/mcuxpressoide_10.0.2_411/ide/tools/bin/../lib/gcc/arm-none-eabi/5.4.1/../../../../arm-none-eabi/lib/armv6-m\libcr_c.a(_cr_sbrk.o)
[...]
Memory Configuration

Name             Origin             Length             Attributes
PROGRAM_FLASH    0x00000000         0x00040000         xr
SRAM             0x1fffe000         0x00008000         xrw
*default*        0x00000000         0xffffffff

Linker script and memory map

LOAD ./utilities/fsl_debug_console.o
LOAD ./startup/startup_mkl46z4.o
LOAD ./source/PWM.o
LOAD ./source/PWMtest.o
LOAD ./source/delay.o
LOAD ./source/mtb.o
LOAD ./frdmkl46z/board.o
LOAD ./frdmkl46z/clock_config.o
LOAD ./frdmkl46z/pin_mux.o
LOAD ./drivers/fsl_clock.o
LOAD ./drivers/fsl_common.o
LOAD ./drivers/fsl_flash.o
LOAD ./drivers/fsl_gpio.o
LOAD ./drivers/fsl_lpsci.o
LOAD ./drivers/fsl_smc.o
LOAD ./drivers/fsl_uart.o
LOAD ./CMSIS/system_MKL46Z4.o
START GROUP
LOAD c:/nxp/mcuxpressoide_10.0.2_411/ide/tools/bin/../lib/gcc/arm-none-eabi/5.4.1/../../../../arm-none-eabi/lib/armv6-m\libcr_semihost_nf.a
LOAD c:/nxp/mcuxpressoide_10.0.2_411/ide/tools/bin/../lib/gcc/arm-none-eabi/5.4.1/../../../../arm-none-eabi/lib/armv6-m\libcr_c.a
LOAD c:/nxp/mcuxpressoide_10.0.2_411/ide/tools/bin/../lib/gcc/arm-none-eabi/5.4.1/armv6-m\libcr_eabihelpers.a
END GROUP
                0x00000000                __base_PROGRAM_FLASH = 0x0
                0x00000000                __base_Flash = 0x0
                0x00040000                __top_PROGRAM_FLASH = 0x40000
                0x00040000                __top_Flash = 0x40000
                0x1fffe000                __base_SRAM = 0x1fffe000
                0x1fffe000                __base_RAM = 0x1fffe000
                0x20006000                __top_SRAM = 0x20006000
                0x20006000                __top_RAM = 0x20006000

.text           0x00000000     0x2ebc
 FILL mask 0xff
                0x00000000                __vectors_start__ = ABSOLUTE (.)
 *(.isr_vector)
 .isr_vector    0x00000000       0xc0 ./startup/startup_mkl46z4.o
                0x00000000                g_pfnVectors
                0x00000000                __Vectors
                0x000000c0                . = ALIGN (0x4)
                0x000000c0                __section_table_start = .
                0x000000c0                __data_section_table = .
                0x000000c0        0x4 LONG 0x2ebc LOADADDR (.data)
                0x000000c4        0x4 LONG 0x1fffe080 ADDR (.data)
                0x000000c8        0x4 LONG 0x8 SIZEOF (.data)
                0x000000cc                __data_section_table_end = .
                0x000000cc                __bss_section_table = .
                0x000000cc        0x4 LONG 0x1fffe088 ADDR (.bss)
                0x000000d0        0x4 LONG 0xf4 SIZEOF (.bss)
                0x000000d4                __bss_section_table_end = .
                0x000000d4                __section_table_end = .
 *(.after_vectors*)
 .after_vectors.init_data
                0x000000d4       0x18 ./startup/startup_mkl46z4.o
                0x000000d4                data_init
 .after_vectors.init_bss
                0x000000ec       0x14 ./startup/startup_mkl46z4.o
                0x000000ec                bss_init
 .after_vectors.reset
                0x00000100       0x4c ./startup/startup_mkl46z4.o
                0x00000100                ResetISR
 .after_vectors
                0x0000014c      0x118 ./startup/startup_mkl46z4.o
                0x0000014c                NMI_Handler
                0x00000150                HardFault_Handler
                0x00000154                SVC_Handler
                0x00000158                PendSV_Handler
                0x0000015c                SysTick_Handler
                0x00000160                I2C0_DriverIRQHandler
                0x00000160                PORTC_PORTD_DriverIRQHandler
                0x00000160                SPI1_DriverIRQHandler
                0x00000160                LPTMR0_DriverIRQHandler
                0x00000160                DMA0_DriverIRQHandler
                0x00000160                DMA2_DriverIRQHandler
                0x00000160                CMP0_DriverIRQHandler
                0x00000160                I2S0_DriverIRQHandler
                0x00000160                ADC0_DriverIRQHandler
                0x00000160                SPI0_DriverIRQHandler
                0x00000160                TPM2_DriverIRQHandler
                0x00000160                I2C1_DriverIRQHandler
                0x00000160                DMA3_DriverIRQHandler
                0x00000160                DMA1_DriverIRQHandler
                0x00000160                TSI0_DriverIRQHandler
                0x00000160                RTC_Seconds_DriverIRQHandler
                0x00000160                PIT_DriverIRQHandler
                0x00000160                LCD_DriverIRQHandler
                0x00000160                LLWU_DriverIRQHandler
                0x00000160                MCG_DriverIRQHandler
                0x00000160                RTC_DriverIRQHandler
                0x00000160                TPM1_DriverIRQHandler
                0x00000160                FTFA_DriverIRQHandler
                0x00000160                IntDefaultHandler
                0x00000160                USB0_DriverIRQHandler
                0x00000160                DAC0_DriverIRQHandler
                0x00000160                LVD_LVW_DriverIRQHandler
                0x00000160                TPM0_DriverIRQHandler
                0x00000160                PORTA_DriverIRQHandler
                0x00000160                Reserved20_DriverIRQHandler
                0x00000164                DMA0_IRQHandler
                0x0000016c                DMA1_IRQHandler
                0x00000174                DMA2_IRQHandler
                0x0000017c                DMA3_IRQHandler
                0x00000184                Reserved20_IRQHandler
                0x0000018c                FTFA_IRQHandler
                0x00000194                LVD_LVW_IRQHandler
                0x0000019c                LLWU_IRQHandler
                0x000001a4                I2C0_IRQHandler
                0x000001ac                I2C1_IRQHandler
                0x000001b4                SPI0_IRQHandler
                0x000001bc                SPI1_IRQHandler
                0x000001c4                UART0_IRQHandler
                0x000001cc                UART1_IRQHandler
                0x000001d4                UART2_IRQHandler
                0x000001dc                ADC0_IRQHandler
                0x000001e4                CMP0_IRQHandler
                0x000001ec                TPM0_IRQHandler
                0x000001f4                TPM1_IRQHandler
                0x000001fc                TPM2_IRQHandler
                0x00000204                RTC_IRQHandler
                0x0000020c                RTC_Seconds_IRQHandler
                0x00000214                PIT_IRQHandler
                0x0000021c                I2S0_IRQHandler
                0x00000224                USB0_IRQHandler
                0x0000022c                DAC0_IRQHandler
                0x00000234                TSI0_IRQHandler
                0x0000023c                MCG_IRQHandler
                0x00000244                LPTMR0_IRQHandler
                0x0000024c                LCD_IRQHandler
                0x00000254                PORTA_IRQHandler
                0x0000025c                PORTC_PORTD_IRQHandler
                0x00000400                . = 0x400
 *fill*         0x00000264      0x19c ff
                0x00000400                PROVIDE (__FLASH_CONFIG_START__, .)
 *(.FlashConfig)
 .FlashConfig   0x00000400       0x10 ./startup/startup_mkl46z4.o
                0x00000400                Flash_Config
                0x00000410                PROVIDE (__FLASH_CONFIG_END__, .)
                0x00000001                ASSERT (! ((__FLASH_CONFIG_START__ == __FLASH_CONFIG_END__)), Linker Flash Config Support Enabled, but no .FlashConfig section provided within application)
 *(.text*)
 .text.UART_EnableTx
                0x00000410       0x40 ./utilities/fsl_debug_console.o
 .text.UART_EnableRx
                0x00000450       0x40 ./utilities/fsl_debug_console.o
 .text.LPSCI_EnableTx
                0x00000490       0x40 ./utilities/fsl_debug_console.o
 .text.LPSCI_EnableRx
                0x000004d0       0x40 ./utilities/fsl_debug_console.o
 .text.DbgConsole_Init
                0x00000510       0xf4 ./utilities/fsl_debug_console.o
                0x00000510                DbgConsole_Init
 .text.PWM_init
                0x00000604       0x80 ./source/PWM.o
                0x00000604                PWM_init
 .text.PWMduty0
                0x00000684       0x1c ./source/PWM.o
                0x00000684                PWMduty0
 .text.PWMduty1
                0x000006a0       0x1c ./source/PWM.o
                0x000006a0                PWMduty1
 .text.motor_init
                0x000006bc       0x54 ./source/PWM.o
                0x000006bc                motor_init
 .text.motor    0x00000710       0x78 ./source/PWM.o
                0x00000710                motor
 .text.main     0x00000788       0x98 ./source/PWMtest.o
                0x00000788                main
 .text.delay    0x00000820       0x24 ./source/delay.o
                0x00000820                delay
 .text.CLOCK_SetLpsci0Clock
                0x00000844       0x38 ./frdmkl46z/board.o
 .text.BOARD_InitDebugConsole
                0x0000087c       0x30 ./frdmkl46z/board.o
                0x0000087c                BOARD_InitDebugConsole
 .text.CLOCK_SetSimSafeDivs
                0x000008ac       0x20 ./frdmkl46z/clock_config.o
 .text.CLOCK_SetXtal0Freq
                0x000008cc       0x1c ./frdmkl46z/clock_config.o
 .text.BOARD_InitBootClocks
                0x000008e8       0x10 ./frdmkl46z/clock_config.o
                0x000008e8                BOARD_InitBootClocks
 .text.CLOCK_CONFIG_SetFllExtRefDiv
                0x000008f8       0x3c ./frdmkl46z/clock_config.o
 .text.BOARD_BootClockRUN
                0x00000934       0x64 ./frdmkl46z/clock_config.o
                0x00000934                BOARD_BootClockRUN
 .text.CLOCK_EnableClock
                0x00000998       0x38 ./frdmkl46z/pin_mux.o
 .text.PORT_SetPinMux
                0x000009d0       0x40 ./frdmkl46z/pin_mux.o
 .text.BOARD_InitBootPins
                0x00000a10       0x10 ./frdmkl46z/pin_mux.o
                0x00000a10                BOARD_InitBootPins
 .text.BOARD_InitPins
                0x00000a20       0x4c ./frdmkl46z/pin_mux.o
                0x00000a20                BOARD_InitPins
 .text.CLOCK_SetEr32kClock
                0x00000a6c       0x30 ./drivers/fsl_clock.o
 .text.CLOCK_SetPllFllSelClock
                0x00000a9c       0x38 ./drivers/fsl_clock.o
 .text.OSC_SetExtRefClkConfig
                0x00000ad4       0x48 ./drivers/fsl_clock.o
 .text.OSC_SetCapLoad
                0x00000b1c       0x4c ./drivers/fsl_clock.o
 .text.CLOCK_GetMcgExtClkFreq
                0x00000b68       0x28 ./drivers/fsl_clock.o
 .text.CLOCK_GetFllExtRefClkFreq
                0x00000b90       0xa4 ./drivers/fsl_clock.o
 .text.CLOCK_GetFllRefClkFreq
                0x00000c34       0x30 ./drivers/fsl_clock.o
 .text.CLOCK_GetPll0RefFreq
                0x00000c64       0x10 ./drivers/fsl_clock.o
 .text.CLOCK_GetOscRangeFromFreq
                0x00000c74       0x4c ./drivers/fsl_clock.o
 .text.CLOCK_GetPllFllSelClkFreq
                0x00000cc0       0x50 ./drivers/fsl_clock.o
                0x00000cc0                CLOCK_GetPllFllSelClkFreq
 .text.CLOCK_SetSimConfig
                0x00000d10       0x38 ./drivers/fsl_clock.o
                0x00000d10                CLOCK_SetSimConfig
 .text.CLOCK_GetFllFreq
                0x00000d48       0x84 ./drivers/fsl_clock.o
                0x00000d48                CLOCK_GetFllFreq
 .text.CLOCK_GetPll0Freq
                0x00000dcc       0x70 ./drivers/fsl_clock.o
                0x00000dcc                CLOCK_GetPll0Freq
 .text.CLOCK_SetExternalRefClkConfig
                0x00000e3c       0x18 ./drivers/fsl_clock.o
                0x00000e3c                CLOCK_SetExternalRefClkConfig
 .text.CLOCK_SetInternalRefClkConfig
                0x00000e54      0x12c ./drivers/fsl_clock.o
                0x00000e54                CLOCK_SetInternalRefClkConfig
 .text.CLOCK_EnablePll0
                0x00000f80       0x98 ./drivers/fsl_clock.o
                0x00000f80                CLOCK_EnablePll0
 .text.CLOCK_InitOsc0
                0x00001018       0x98 ./drivers/fsl_clock.o
                0x00001018                CLOCK_InitOsc0
 .text.CLOCK_SetPbeMode
                0x000010b0       0xb0 ./drivers/fsl_clock.o
                0x000010b0                CLOCK_SetPbeMode
 .text.CLOCK_BootToPeeMode
                0x00001160       0x70 ./drivers/fsl_clock.o
                0x00001160                CLOCK_BootToPeeMode
 .text.CLOCK_EnableClock
                0x000011d0       0x38 ./drivers/fsl_lpsci.o
 .text.LPSCI_GetInstance
                0x00001208       0x48 ./drivers/fsl_lpsci.o
                0x00001208                LPSCI_GetInstance
 .text.LPSCI_Init
                0x00001250      0x270 ./drivers/fsl_lpsci.o
                0x00001250                LPSCI_Init
 .text.LPSCI_GetDefaultConfig
                0x000014c0       0x44 ./drivers/fsl_lpsci.o
                0x000014c0                LPSCI_GetDefaultConfig
 .text.LPSCI_GetStatusFlags
                0x00001504       0x28 ./drivers/fsl_lpsci.o
                0x00001504                LPSCI_GetStatusFlags
 .text.LPSCI_ClearStatusFlags
                0x0000152c       0x98 ./drivers/fsl_lpsci.o
                0x0000152c                LPSCI_ClearStatusFlags
 .text.LPSCI_WriteBlocking
                0x000015c4       0x4c ./drivers/fsl_lpsci.o
                0x000015c4                LPSCI_WriteBlocking
 .text.LPSCI_ReadBlocking
                0x00001610       0xc0 ./drivers/fsl_lpsci.o
                0x00001610                LPSCI_ReadBlocking
 .text.UART0_DriverIRQHandler
                0x000016d0       0x24 ./drivers/fsl_lpsci.o
                0x000016d0                UART0_DriverIRQHandler
 .text.CLOCK_EnableClock
                0x000016f4       0x38 ./drivers/fsl_uart.o
 .text.UART_GetInstance
                0x0000172c       0x54 ./drivers/fsl_uart.o
                0x0000172c                UART_GetInstance
 .text.UART_Init
                0x00001780      0x1fc ./drivers/fsl_uart.o
                0x00001780                UART_Init
 .text.UART_GetDefaultConfig
                0x0000197c       0x44 ./drivers/fsl_uart.o
                0x0000197c                UART_GetDefaultConfig
 .text.UART_GetStatusFlags
                0x000019c0       0x28 ./drivers/fsl_uart.o
                0x000019c0                UART_GetStatusFlags
 .text.UART_WriteBlocking
                0x000019e8       0x3c ./drivers/fsl_uart.o
                0x000019e8                UART_WriteBlocking
 .text.UART_ReadBlocking
                0x00001a24       0x98 ./drivers/fsl_uart.o
                0x00001a24                UART_ReadBlocking
 .text.UART1_DriverIRQHandler
                0x00001abc       0x24 ./drivers/fsl_uart.o
                0x00001abc                UART1_DriverIRQHandler
 .text.UART2_DriverIRQHandler
                0x00001ae0       0x24 ./drivers/fsl_uart.o
                0x00001ae0                UART2_DriverIRQHandler
 .text.SystemInit
                0x00001b04       0x18 ./CMSIS/system_MKL46Z4.o
                0x00001b04                SystemInit
 .text.__main   0x00001b1c        0xc c:/nxp/mcuxpressoide_10.0.2_411/ide/tools/bin/../lib/gcc/arm-none-eabi/5.4.1/../../../../arm-none-eabi/lib/armv6-m\libcr_semihost_nf.a(_cr__main.o)
                0x00001b1c                __CR_SEMIHOST
                0x00001b1c                __main
 .text.__assertion_failed
                0x00001b28       0x4c c:/nxp/mcuxpressoide_10.0.2_411/ide/tools/bin/../lib/gcc/arm-none-eabi/5.4.1/../../../../arm-none-eabi/lib/armv6-m\libcr_semihost_nf.a(_cr_assert.o)
                0x00001b28                __assertion_failed
 .text.__sys_appexit
                0x00001b74        0xc c:/nxp/mcuxpressoide_10.0.2_411/ide/tools/bin/../lib/gcc/arm-none-eabi/5.4.1/../../../../arm-none-eabi/lib/armv6-m\libcr_semihost_nf.a(__sys_appexit.o)
                0x00001b74                __sys_appexit
                0x00001b74                __exit
 .text.memset   0x00001b80        0x8 c:/nxp/mcuxpressoide_10.0.2_411/ide/tools/bin/../lib/gcc/arm-none-eabi/5.4.1/../../../../arm-none-eabi/lib/armv6-m\libcr_c.a(memset.o)
                0x00001b80                memset
 .text._deferredlazyseek
                0x00001b88       0x40 c:/nxp/mcuxpressoide_10.0.2_411/ide/tools/bin/../lib/gcc/arm-none-eabi/5.4.1/../../../../arm-none-eabi/lib/armv6-m\libcr_c.a(_deferredlazyseek.o)
                0x00001b88                _deferredlazyseek
 .text.__flsbuf
                0x00001bc8      0x14c c:/nxp/mcuxpressoide_10.0.2_411/ide/tools/bin/../lib/gcc/arm-none-eabi/5.4.1/../../../../arm-none-eabi/lib/armv6-m\libcr_c.a(_deferredlazyseek.o)
                0x00001bc8                __flsbuf
 .text._fflush  0x00001d14       0x60 c:/nxp/mcuxpressoide_10.0.2_411/ide/tools/bin/../lib/gcc/arm-none-eabi/5.4.1/../../../../arm-none-eabi/lib/armv6-m\libcr_c.a(_fflush.o)
                0x00001d14                _fflush
 .text._Cwritebuf
                0x00001d74       0x6c c:/nxp/mcuxpressoide_10.0.2_411/ide/tools/bin/../lib/gcc/arm-none-eabi/5.4.1/../../../../arm-none-eabi/lib/armv6-m\libcr_c.a(_writebuf.o)
                0x00001d74                _Cwritebuf
 .text.malloc   0x00001de0       0xcc c:/nxp/mcuxpressoide_10.0.2_411/ide/tools/bin/../lib/gcc/arm-none-eabi/5.4.1/../../../../arm-none-eabi/lib/armv6-m\libcr_c.a(alloc.o)
                0x00001de0                malloc
 .text.free     0x00001eac       0x2e c:/nxp/mcuxpressoide_10.0.2_411/ide/tools/bin/../lib/gcc/arm-none-eabi/5.4.1/../../../../arm-none-eabi/lib/armv6-m\libcr_c.a(alloc.o)
                0x00001eac                free
 *fill*         0x00001eda        0x2 ff
 .text._Csys_alloc
                0x00001edc       0x20 c:/nxp/mcuxpressoide_10.0.2_411/ide/tools/bin/../lib/gcc/arm-none-eabi/5.4.1/../../../../arm-none-eabi/lib/armv6-m\libcr_c.a(alloc.o)
                0x00001edc                _Csys_alloc
 .text.fputs    0x00001efc       0x30 c:/nxp/mcuxpressoide_10.0.2_411/ide/tools/bin/../lib/gcc/arm-none-eabi/5.4.1/../../../../arm-none-eabi/lib/armv6-m\libcr_c.a(fputs.o)
                0x00001efc                fputs
 .text.fseek    0x00001f2c       0xf0 c:/nxp/mcuxpressoide_10.0.2_411/ide/tools/bin/../lib/gcc/arm-none-eabi/5.4.1/../../../../arm-none-eabi/lib/armv6-m\libcr_c.a(fseek.o)
                0x00001f2c                fseek
 .text.ftell    0x0000201c       0x48 c:/nxp/mcuxpressoide_10.0.2_411/ide/tools/bin/../lib/gcc/arm-none-eabi/5.4.1/../../../../arm-none-eabi/lib/armv6-m\libcr_c.a(ftell.o)
                0x0000201c                ftell
 .text._initio  0x00002064       0x7c c:/nxp/mcuxpressoide_10.0.2_411/ide/tools/bin/../lib/gcc/arm-none-eabi/5.4.1/../../../../arm-none-eabi/lib/armv6-m\libcr_c.a(initio.o)
                0x00002064                _initio
 .text.setvbuf  0x000020e0       0x4c c:/nxp/mcuxpressoide_10.0.2_411/ide/tools/bin/../lib/gcc/arm-none-eabi/5.4.1/../../../../arm-none-eabi/lib/armv6-m\libcr_c.a(setvbuf.o)
                0x000020e0                setvbuf
 .text._sbrk    0x0000212c       0x40 c:/nxp/mcuxpressoide_10.0.2_411/ide/tools/bin/../lib/gcc/arm-none-eabi/5.4.1/../../../../arm-none-eabi/lib/armv6-m\libcr_c.a(_cr_sbrk.o)
                0x0000212c                _sbrk
 .text._fdopen  0x0000216c       0x74 c:/nxp/mcuxpressoide_10.0.2_411/ide/tools/bin/../lib/gcc/arm-none-eabi/5.4.1/../../../../arm-none-eabi/lib/armv6-m\libcr_c.a(_fdopen.o)
                0x0000216c                _fdopen
 .text.fclose   0x000021e0       0x5c c:/nxp/mcuxpressoide_10.0.2_411/ide/tools/bin/../lib/gcc/arm-none-eabi/5.4.1/../../../../arm-none-eabi/lib/armv6-m\libcr_c.a(fclose.o)
                0x000021e0                fclose
 .text.fflush   0x0000223c       0x44 c:/nxp/mcuxpressoide_10.0.2_411/ide/tools/bin/../lib/gcc/arm-none-eabi/5.4.1/../../../../arm-none-eabi/lib/armv6-m\libcr_c.a(fflush.o)
                0x0000223c                fflush
 .text.remove   0x00002280       0x12 c:/nxp/mcuxpressoide_10.0.2_411/ide/tools/bin/../lib/gcc/arm-none-eabi/5.4.1/../../../../arm-none-eabi/lib/armv6-m\libcr_c.a(remove.o)
                0x00002280                remove
 *fill*         0x00002292        0x2 ff
 .text.strlen   0x00002294       0x54 c:/nxp/mcuxpressoide_10.0.2_411/ide/tools/bin/../lib/gcc/arm-none-eabi/5.4.1/../../../../arm-none-eabi/lib/armv6-m\libcr_c.a(strlen.o)
                0x00002294                strlen
 .text.__check_heap_overflow
                0x000022e8       0x14 c:/nxp/mcuxpressoide_10.0.2_411/ide/tools/bin/../lib/gcc/arm-none-eabi/5.4.1/../../../../arm-none-eabi/lib/armv6-m\libcr_c.a(_cr_check_heap.o)
                0x000022e8                __check_heap_overflow
 .text._do_fflush
                0x000022fc       0x48 c:/nxp/mcuxpressoide_10.0.2_411/ide/tools/bin/../lib/gcc/arm-none-eabi/5.4.1/../../../../arm-none-eabi/lib/armv6-m\libcr_c.a(_do_fflush.o)
                0x000022fc                _do_fflush
 .text.__aeabi_division_idivmod
                0x00002344       0x78 c:/nxp/mcuxpressoide_10.0.2_411/ide/tools/bin/../lib/gcc/arm-none-eabi/5.4.1/armv6-m\libcr_eabihelpers.a(division_32.o)
                0x00002344                __aeabi_idivmod
                0x00002344                __aeabi_idiv
                0x0000234a                __aeabi_uidivmod
                0x0000234a                __aeabi_uidiv
 .text.__aeabi_division_idiv0
                0x000023bc        0x2 c:/nxp/mcuxpressoide_10.0.2_411/ide/tools/bin/../lib/gcc/arm-none-eabi/5.4.1/armv6-m\libcr_eabihelpers.a(division_idiv0.o)
                0x000023bc                __aeabi_idiv0
 .text.__aeabi_memset_lowlevel
                0x000023be       0x2a c:/nxp/mcuxpressoide_10.0.2_411/ide/tools/bin/../lib/gcc/arm-none-eabi/5.4.1/armv6-m\libcr_eabihelpers.a(memcpy.o)
                0x000023be                __aeabi_lowlevel_memset
 .text.__sys_close
                0x000023e8        0xc c:/nxp/mcuxpressoide_10.0.2_411/ide/tools/bin/../lib/gcc/arm-none-eabi/5.4.1/../../../../arm-none-eabi/lib/armv6-m\libcr_semihost_nf.a(__sys_close.o)
                0x000023e8                __sys_close
 .text.__sys_flen
                0x000023f4        0xc c:/nxp/mcuxpressoide_10.0.2_411/ide/tools/bin/../lib/gcc/arm-none-eabi/5.4.1/../../../../arm-none-eabi/lib/armv6-m\libcr_semihost_nf.a(__sys_flen.o)
                0x000023f4                __sys_flen
 .text.__sys_istty
                0x00002400        0xc c:/nxp/mcuxpressoide_10.0.2_411/ide/tools/bin/../lib/gcc/arm-none-eabi/5.4.1/../../../../arm-none-eabi/lib/armv6-m\libcr_semihost_nf.a(__sys_istty.o)
                0x00002400                __sys_istty
 .text.__sys_remove
                0x0000240c        0xc c:/nxp/mcuxpressoide_10.0.2_411/ide/tools/bin/../lib/gcc/arm-none-eabi/5.4.1/../../../../arm-none-eabi/lib/armv6-m\libcr_semihost_nf.a(__sys_remove.o)
                0x0000240c                __sys_remove
 .text.__sys_seek
                0x00002418        0xc c:/nxp/mcuxpressoide_10.0.2_411/ide/tools/bin/../lib/gcc/arm-none-eabi/5.4.1/../../../../arm-none-eabi/lib/armv6-m\libcr_semihost_nf.a(__sys_seek.o)
                0x00002418                __sys_seek
 .text.__sys_tmpnam
                0x00002424        0xc c:/nxp/mcuxpressoide_10.0.2_411/ide/tools/bin/../lib/gcc/arm-none-eabi/5.4.1/../../../../arm-none-eabi/lib/armv6-m\libcr_semihost_nf.a(__sys_tmpnam.o)
                0x00002424                __sys_tmpnam
 .text.__sys_write
                0x00002430        0xc c:/nxp/mcuxpressoide_10.0.2_411/ide/tools/bin/../lib/gcc/arm-none-eabi/5.4.1/../../../../arm-none-eabi/lib/armv6-m\libcr_semihost_nf.a(__sys_write.o)
                0x00002430                __sys_write
 *(.rodata .rodata.* .constdata .constdata.*)
 .rodata.mcgConfig_BOARD_BootClockRUN
                0x0000243c        0xa ./frdmkl46z/clock_config.o
                0x0000243c                mcgConfig_BOARD_BootClockRUN
 *fill*         0x00002446        0x2 ff
 .rodata.simConfig_BOARD_BootClockRUN
                0x00002448        0x8 ./frdmkl46z/clock_config.o
                0x00002448                simConfig_BOARD_BootClockRUN
 .rodata.oscConfig_BOARD_BootClockRUN
                0x00002450        0x8 ./frdmkl46z/clock_config.o
                0x00002450                oscConfig_BOARD_BootClockRUN
 .rodata        0x00002458      0x11d ./drivers/fsl_clock.o
 *fill*         0x00002575        0x3 ff
 .rodata.fllFactorTable.5295
                0x00002578       0x10 ./drivers/fsl_clock.o
 .rodata        0x00002588      0x48c ./drivers/fsl_lpsci.o
 .rodata.s_uartBases
                0x00002a14        0xc ./drivers/fsl_uart.o
 .rodata.s_uartClock
                0x00002a20        0xc ./drivers/fsl_uart.o
 .rodata        0x00002a2c      0x45b ./drivers/fsl_uart.o
 .rodata.str1.1
                0x00002e87       0x15 c:/nxp/mcuxpressoide_10.0.2_411/ide/tools/bin/../lib/gcc/arm-none-eabi/5.4.1/../../../../arm-none-eabi/lib/armv6-m\libcr_semihost_nf.a(_cr_assert.o)
 .rodata.__num_Ciob_streams
                0x00002e9c        0x4 c:/nxp/mcuxpressoide_10.0.2_411/ide/tools/bin/../lib/gcc/arm-none-eabi/5.4.1/../../../../arm-none-eabi/lib/armv6-m\libcr_semihost_nf.a(__ciob.o)
                0x00002e9c                __num_Ciob_streams
 .rodata.str1.1
                0x00002ea0       0x18 c:/nxp/mcuxpressoide_10.0.2_411/ide/tools/bin/../lib/gcc/arm-none-eabi/5.4.1/../../../../arm-none-eabi/lib/armv6-m\libcr_c.a(alloc.o)
 .rodata.str1.1
                0x00002eb8        0x4 c:/nxp/mcuxpressoide_10.0.2_411/ide/tools/bin/../lib/gcc/arm-none-eabi/5.4.1/../../../../arm-none-eabi/lib/armv6-m\libcr_c.a(initio.o)
                0x00002ebc                . = ALIGN (0x4)

.glue_7         0x00002ebc        0x0
 .glue_7        0x00002ebc        0x0 linker stubs

.glue_7t        0x00002ebc        0x0
 .glue_7t       0x00002ebc        0x0 linker stubs

.vfp11_veneer   0x00002ebc        0x0
 .vfp11_veneer  0x00002ebc        0x0 linker stubs

.v4_bx          0x00002ebc        0x0
 .v4_bx         0x00002ebc        0x0 linker stubs

.iplt           0x00002ebc        0x0
 .iplt          0x00002ebc        0x0 ./utilities/fsl_debug_console.o

.rel.dyn        0x00002ebc        0x0
 .rel.iplt      0x00002ebc        0x0 ./utilities/fsl_debug_console.o

.ARM.extab
 *(.ARM.extab* .gnu.linkonce.armextab.*)
                0x00002ebc                __exidx_start = .

.ARM.exidx
 *(.ARM.exidx* .gnu.linkonce.armexidx.*)
                0x00002ebc                __exidx_end = .
                0x00002ebc                _etext = .

.m_usb_data
 *(m_usb_bdt)

.mtb_buffer_default
                0x1fffe000       0x80
 *(.mtb*)
 .mtb.$RAM1     0x1fffe000       0x80 ./source/mtb.o
                0x1fffe000                __mtb_buffer__

.uninit_RESERVED
                0x1fffe080        0x0
 *(.bss.$RESERVED*)
                0x1fffe080                . = ALIGN (0x4)
                0x1fffe080                _end_uninit_RESERVED = .

.data           0x1fffe080        0x8 load address 0x00002ebc
 FILL mask 0xff
                0x1fffe080                _data = .
 *(vtable)
 *(.ramfunc*)
 *(.data*)
 .data.s_slowIrcFreq
                0x1fffe080        0x4 ./drivers/fsl_clock.o
 .data.SystemCoreClock
                0x1fffe084        0x4 ./CMSIS/system_MKL46Z4.o
                0x1fffe084                SystemCoreClock
                0x1fffe088                . = ALIGN (0x4)
                0x1fffe088                _edata = .

.igot.plt       0x1fffe088        0x0 load address 0x00002ec4
 .igot.plt      0x1fffe088        0x0 ./utilities/fsl_debug_console.o

.bss            0x1fffe088       0xf4 load address 0x00002ec4
                0x1fffe088                _bss = .
 *(.bss*)
 .bss.s_debugConsole
                0x1fffe088       0x10 ./utilities/fsl_debug_console.o
 .bss.lspeed    0x1fffe098        0x4 ./source/PWMtest.o
                0x1fffe098                lspeed
 .bss.rspeed    0x1fffe09c        0x4 ./source/PWMtest.o
                0x1fffe09c                rspeed
 .bss.g_xtal0Freq
                0x1fffe0a0        0x4 ./drivers/fsl_clock.o
                0x1fffe0a0                g_xtal0Freq
 .bss.s_lpsciHandle
                0x1fffe0a4        0x4 ./drivers/fsl_lpsci.o
 .bss.s_lpsciIsr
                0x1fffe0a8        0x4 ./drivers/fsl_lpsci.o
 .bss.s_uartHandle
                0x1fffe0ac        0xc ./drivers/fsl_uart.o
 .bss.s_uartIsr
                0x1fffe0b8        0x4 ./drivers/fsl_uart.o
 .bss.__Ciob    0x1fffe0bc       0xb4 c:/nxp/mcuxpressoide_10.0.2_411/ide/tools/bin/../lib/gcc/arm-none-eabi/5.4.1/../../../../arm-none-eabi/lib/armv6-m\libcr_semihost_nf.a(__ciob.o)
                0x1fffe0bc                __Ciob
 .bss.__heaps   0x1fffe170        0x4 c:/nxp/mcuxpressoide_10.0.2_411/ide/tools/bin/../lib/gcc/arm-none-eabi/5.4.1/../../../../arm-none-eabi/lib/armv6-m\libcr_c.a(__init_alloc.o)
                0x1fffe170                __heaps
 .bss.__end_of_heap
                0x1fffe174        0x4 c:/nxp/mcuxpressoide_10.0.2_411/ide/tools/bin/../lib/gcc/arm-none-eabi/5.4.1/../../../../arm-none-eabi/lib/armv6-m\libcr_c.a(__init_alloc.o)
                0x1fffe174                __end_of_heap
 .bss.errno     0x1fffe178        0x4 c:/nxp/mcuxpressoide_10.0.2_411/ide/tools/bin/../lib/gcc/arm-none-eabi/5.4.1/../../../../arm-none-eabi/lib/armv6-m\libcr_c.a(errno.o)
                0x1fffe178                errno
 *(COMMON)
                0x1fffe17c                . = ALIGN (0x4)
                0x1fffe17c                _ebss = .
                [!provide]                PROVIDE (end, .)

.noinit         0x1fffe17c        0x0 load address 0x00002ec4
                0x1fffe17c                _noinit = .
 *(.noinit*)
                0x1fffe17c                . = ALIGN (0x4)
                0x1fffe17c                _end_noinit = .

.heap           0x1fffe17c      0x800 load address 0x00002ec4
                0x1fffe17c                _pvHeapStart = .
                0x1fffe97c                . = (. + 0x800)
 *fill*         0x1fffe17c      0x800 
                0x1fffe97c                . = ALIGN (0x4)
                0x1fffe97c                _pvHeapLimit = .

.heap2stackfill
                0x1fffe97c      0x800 load address 0x00002ec4
                0x1ffff17c                . = (. + 0x800)
 *fill*         0x1fffe97c      0x800 

.stack          0x20005800        0x0
                0x20005800                _vStackBase = .
                0x20005800                . = ALIGN (0x4)
                0x20006000                _vStackTop = (. + 0x800)
OUTPUT(PWMtest.axf elf32-littlearm)

.debug_info     0x00000000     0x6b14
 .debug_info    0x00000000      0x807 ./utilities/fsl_debug_console.o
 .debug_info    0x00000807      0x49f ./startup/startup_mkl46z4.o
 .debug_info    0x00000ca6      0x4bb ./source/PWM.o
 .debug_info    0x00001161      0x268 ./source/PWMtest.o
 .debug_info    0x000013c9       0xac ./source/delay.o
 .debug_info    0x00001475       0x51 ./source/mtb.o
 .debug_info    0x000014c6      0x38b ./frdmkl46z/board.o
 .debug_info    0x00001851      0xa17 ./frdmkl46z/clock_config.o
 .debug_info    0x00002268      0x545 ./frdmkl46z/pin_mux.o
 .debug_info    0x000027ad     0x1918 ./drivers/fsl_clock.o
 .debug_info    0x000040c5     0x136e ./drivers/fsl_lpsci.o
 .debug_info    0x00005433     0x1318 ./drivers/fsl_uart.o
 .debug_info    0x0000674b      0x3c9 ./CMSIS/system_MKL46Z4.o

.debug_abbrev   0x00000000     0x12f0
 .debug_abbrev  0x00000000      0x1ac ./utilities/fsl_debug_console.o
 .debug_abbrev  0x000001ac      0x131 ./startup/startup_mkl46z4.o
 .debug_abbrev  0x000002dd      0x128 ./source/PWM.o
 .debug_abbrev  0x00000405       0xa1 ./source/PWMtest.o
 .debug_abbrev  0x000004a6       0x65 ./source/delay.o
 .debug_abbrev  0x0000050b       0x41 ./source/mtb.o
 .debug_abbrev  0x0000054c      0x118 ./frdmkl46z/board.o
 .debug_abbrev  0x00000664      0x1db ./frdmkl46z/clock_config.o
 .debug_abbrev  0x0000083f      0x162 ./frdmkl46z/pin_mux.o
 .debug_abbrev  0x000009a1      0x302 ./drivers/fsl_clock.o
 .debug_abbrev  0x00000ca3      0x296 ./drivers/fsl_lpsci.o
 .debug_abbrev  0x00000f39      0x2ae ./drivers/fsl_uart.o
 .debug_abbrev  0x000011e7      0x109 ./CMSIS/system_MKL46Z4.o

.debug_aranges  0x00000000      0x740
 .debug_aranges
                0x00000000       0x48 ./utilities/fsl_debug_console.o
 .debug_aranges
                0x00000048      0x160 ./startup/startup_mkl46z4.o
 .debug_aranges
                0x000001a8       0x40 ./source/PWM.o
 .debug_aranges
                0x000001e8       0x20 ./source/PWMtest.o
 .debug_aranges
                0x00000208       0x20 ./source/delay.o
 .debug_aranges
                0x00000228       0x18 ./source/mtb.o
 .debug_aranges
                0x00000240       0x28 ./frdmkl46z/board.o
 .debug_aranges
                0x00000268       0x58 ./frdmkl46z/clock_config.o
 .debug_aranges
                0x000002c0       0x38 ./frdmkl46z/pin_mux.o
 .debug_aranges
                0x000002f8      0x1d8 ./drivers/fsl_clock.o
 .debug_aranges
                0x000004d0      0x118 ./drivers/fsl_lpsci.o
 .debug_aranges
                0x000005e8      0x130 ./drivers/fsl_uart.o
 .debug_aranges
                0x00000718       0x28 ./CMSIS/system_MKL46Z4.o

.debug_ranges   0x00000000      0x668
 .debug_ranges  0x00000000       0x38 ./utilities/fsl_debug_console.o
 .debug_ranges  0x00000038      0x150 ./startup/startup_mkl46z4.o
 .debug_ranges  0x00000188       0x30 ./source/PWM.o
 .debug_ranges  0x000001b8       0x10 ./source/PWMtest.o
 .debug_ranges  0x000001c8       0x10 ./source/delay.o
 .debug_ranges  0x000001d8       0x18 ./frdmkl46z/board.o
 .debug_ranges  0x000001f0       0x48 ./frdmkl46z/clock_config.o
 .debug_ranges  0x00000238       0x28 ./frdmkl46z/pin_mux.o
 .debug_ranges  0x00000260      0x1c8 ./drivers/fsl_clock.o
 .debug_ranges  0x00000428      0x108 ./drivers/fsl_lpsci.o
 .debug_ranges  0x00000530      0x120 ./drivers/fsl_uart.o
 .debug_ranges  0x00000650       0x18 ./CMSIS/system_MKL46Z4.o

.debug_macro    0x00000000     0xc1a1
 .debug_macro   0x00000000      0x13a ./utilities/fsl_debug_console.o
 .debug_macro   0x0000013a      0x85c ./utilities/fsl_debug_console.o
 .debug_macro   0x00000996       0x10 ./utilities/fsl_debug_console.o
 .debug_macro   0x000009a6       0x16 ./utilities/fsl_debug_console.o
 .debug_macro   0x000009bc       0x10 ./utilities/fsl_debug_console.o
 .debug_macro   0x000009cc      0x12d ./utilities/fsl_debug_console.o
 .debug_macro   0x00000af9       0x28 ./utilities/fsl_debug_console.o
 .debug_macro   0x00000b21       0xc4 ./utilities/fsl_debug_console.o
 .debug_macro   0x00000be5       0x16 ./utilities/fsl_debug_console.o
 .debug_macro   0x00000bfb       0x22 ./utilities/fsl_debug_console.o
 .debug_macro   0x00000c1d      0x5b2 ./utilities/fsl_debug_console.o
 .debug_macro   0x000011cf       0x10 ./utilities/fsl_debug_console.o
 .debug_macro   0x000011df       0x3f ./utilities/fsl_debug_console.o
 .debug_macro   0x0000121e       0x3a ./utilities/fsl_debug_console.o
 .debug_macro   0x00001258       0x26 ./utilities/fsl_debug_console.o
 .debug_macro   0x0000127e      0x329 ./utilities/fsl_debug_console.o
 .debug_macro   0x000015a7       0x36 ./utilities/fsl_debug_console.o
 .debug_macro   0x000015dd     0x87f8 ./utilities/fsl_debug_console.o
 .debug_macro   0x00009dd5     0x142a ./utilities/fsl_debug_console.o
 .debug_macro   0x0000b1ff       0x3a ./utilities/fsl_debug_console.o
 .debug_macro   0x0000b239      0x109 ./utilities/fsl_debug_console.o
 .debug_macro   0x0000b342       0x35 ./utilities/fsl_debug_console.o
 .debug_macro   0x0000b377       0xd2 ./utilities/fsl_debug_console.o
 .debug_macro   0x0000b449       0x34 ./utilities/fsl_debug_console.o
 .debug_macro   0x0000b47d       0x10 ./utilities/fsl_debug_console.o
 .debug_macro   0x0000b48d       0x10 ./utilities/fsl_debug_console.o
 .debug_macro   0x0000b49d       0x29 ./startup/startup_mkl46z4.o
 .debug_macro   0x0000b4c6       0x88 ./source/PWM.o
 .debug_macro   0x0000b54e       0x34 ./source/PWM.o
 .debug_macro   0x0000b582      0x130 ./source/PWMtest.o
 .debug_macro   0x0000b6b2       0xd8 ./source/PWMtest.o
 .debug_macro   0x0000b78a       0x16 ./source/PWMtest.o
 .debug_macro   0x0000b7a0       0x10 ./source/PWMtest.o
 .debug_macro   0x0000b7b0       0xfa ./source/PWMtest.o
 .debug_macro   0x0000b8aa       0x88 ./source/delay.o
 .debug_macro   0x0000b932       0x2f ./source/mtb.o
 .debug_macro   0x0000b961       0x82 ./source/mtb.o
 .debug_macro   0x0000b9e3       0x10 ./source/mtb.o
 .debug_macro   0x0000b9f3      0x12e ./frdmkl46z/board.o
 .debug_macro   0x0000bb21       0x10 ./frdmkl46z/board.o
 .debug_macro   0x0000bb31       0x1c ./frdmkl46z/board.o
 .debug_macro   0x0000bb4d      0x123 ./frdmkl46z/clock_config.o
 .debug_macro   0x0000bc70       0x1c ./frdmkl46z/clock_config.o
 .debug_macro   0x0000bc8c      0x107 ./frdmkl46z/pin_mux.o
 .debug_macro   0x0000bd93      0x19c ./drivers/fsl_clock.o
 .debug_macro   0x0000bf2f       0xec ./drivers/fsl_lpsci.o
 .debug_macro   0x0000c01b       0xf2 ./drivers/fsl_uart.o
 .debug_macro   0x0000c10d       0x94 ./CMSIS/system_MKL46Z4.o

.debug_line     0x00000000     0x2d3d
 .debug_line    0x00000000      0x326 ./utilities/fsl_debug_console.o
 .debug_line    0x00000326      0x128 ./startup/startup_mkl46z4.o
 .debug_line    0x0000044e      0x1df ./source/PWM.o
 .debug_line    0x0000062d      0x2de ./source/PWMtest.o
 .debug_line    0x0000090b      0x18f ./source/delay.o
 .debug_line    0x00000a9a       0x95 ./source/mtb.o
 .debug_line    0x00000b2f      0x2bf ./frdmkl46z/board.o
 .debug_line    0x00000dee      0x2e9 ./frdmkl46z/clock_config.o
 .debug_line    0x000010d7      0x284 ./frdmkl46z/pin_mux.o
 .debug_line    0x0000135b      0x985 ./drivers/fsl_clock.o
 .debug_line    0x00001ce0      0x739 ./drivers/fsl_lpsci.o
 .debug_line    0x00002419      0x73c ./drivers/fsl_uart.o
 .debug_line    0x00002b55      0x1e8 ./CMSIS/system_MKL46Z4.o

.debug_str      0x00000000    0x4eec1
 .debug_str     0x00000000    0x4aa31 ./utilities/fsl_debug_console.o
                              0x4ac6e (size before relaxing)
 .debug_str     0x0004aa31      0x3e7 ./startup/startup_mkl46z4.o
                               0x27f0 (size before relaxing)
 .debug_str     0x0004ae18      0x178 ./source/PWM.o
                              0x41e67 (size before relaxing)
 .debug_str     0x0004af90      0x811 ./source/PWMtest.o
                              0x4a951 (size before relaxing)
 .debug_str     0x0004b7a1       0x18 ./source/delay.o
                              0x41d08 (size before relaxing)
 .debug_str     0x0004b7b9      0x532 ./source/mtb.o
                               0x290a (size before relaxing)
 .debug_str     0x0004bceb       0x8e ./frdmkl46z/board.o
                              0x4a6c4 (size before relaxing)
 .debug_str     0x0004bd79      0x71b ./frdmkl46z/clock_config.o
                              0x4a738 (size before relaxing)
 .debug_str     0x0004c494      0x351 ./frdmkl46z/pin_mux.o
                              0x49ea4 (size before relaxing)
 .debug_str     0x0004c7e5     0x12e6 ./drivers/fsl_clock.o
                              0x4b85e (size before relaxing)
 .debug_str     0x0004dacb      0xb75 ./drivers/fsl_lpsci.o
                              0x4ae10 (size before relaxing)
 .debug_str     0x0004e640      0x832 ./drivers/fsl_uart.o
                              0x4ae33 (size before relaxing)
 .debug_str     0x0004ee72       0x4f ./CMSIS/system_MKL46Z4.o
                              0x49122 (size before relaxing)

.comment        0x00000000       0x6e
 .comment       0x00000000       0x6e ./utilities/fsl_debug_console.o
                                 0x6f (size before relaxing)
 .comment       0x0000006e       0x6f ./startup/startup_mkl46z4.o
 .comment       0x0000006e       0x6f ./source/PWM.o
 .comment       0x0000006e       0x6f ./source/PWMtest.o
 .comment       0x0000006e       0x6f ./source/delay.o
 .comment       0x0000006e       0x6f ./source/mtb.o
 .comment       0x0000006e       0x6f ./frdmkl46z/board.o
 .comment       0x0000006e       0x6f ./frdmkl46z/clock_config.o
 .comment       0x0000006e       0x6f ./frdmkl46z/pin_mux.o
 .comment       0x0000006e       0x6f ./drivers/fsl_clock.o
 .comment       0x0000006e       0x6f ./drivers/fsl_lpsci.o
 .comment       0x0000006e       0x6f ./drivers/fsl_uart.o
 .comment       0x0000006e       0x6f ./CMSIS/system_MKL46Z4.o
 .comment       0x0000006e       0x6f c:/nxp/mcuxpressoide_10.0.2_411/ide/tools/bin/../lib/gcc/arm-none-eabi/5.4.1/../../../../arm-none-eabi/lib/armv6-m\libcr_semihost_nf.a(_cr__main.o)
 .comment       0x0000006e       0x6f c:/nxp/mcuxpressoide_10.0.2_411/ide/tools/bin/../lib/gcc/arm-none-eabi/5.4.1/../../../../arm-none-eabi/lib/armv6-m\libcr_semihost_nf.a(_cr_assert.o)
 .comment       0x0000006e       0x6f c:/nxp/mcuxpressoide_10.0.2_411/ide/tools/bin/../lib/gcc/arm-none-eabi/5.4.1/../../../../arm-none-eabi/lib/armv6-m\libcr_semihost_nf.a(__ciob.o)
 .comment       0x0000006e       0x6f c:/nxp/mcuxpressoide_10.0.2_411/ide/tools/bin/../lib/gcc/arm-none-eabi/5.4.1/../../../../arm-none-eabi/lib/armv6-m\libcr_c.a(memset.o)
 .comment       0x0000006e       0x6f c:/nxp/mcuxpressoide_10.0.2_411/ide/tools/bin/../lib/gcc/arm-none-eabi/5.4.1/../../../../arm-none-eabi/lib/armv6-m\libcr_c.a(_deferredlazyseek.o)
 .comment       0x0000006e       0x6f c:/nxp/mcuxpressoide_10.0.2_411/ide/tools/bin/../lib/gcc/arm-none-eabi/5.4.1/../../../../arm-none-eabi/lib/armv6-m\libcr_c.a(_fflush.o)
 .comment       0x0000006e       0x6f c:/nxp/mcuxpressoide_10.0.2_411/ide/tools/bin/../lib/gcc/arm-none-eabi/5.4.1/../../../../arm-none-eabi/lib/armv6-m\libcr_c.a(_writebuf.o)
 .comment       0x0000006e       0x6f c:/nxp/mcuxpressoide_10.0.2_411/ide/tools/bin/../lib/gcc/arm-none-eabi/5.4.1/../../../../arm-none-eabi/lib/armv6-m\libcr_c.a(alloc.o)
 .comment       0x0000006e       0x6f c:/nxp/mcuxpressoide_10.0.2_411/ide/tools/bin/../lib/gcc/arm-none-eabi/5.4.1/../../../../arm-none-eabi/lib/armv6-m\libcr_c.a(fputs.o)
 .comment       0x0000006e       0x6f c:/nxp/mcuxpressoide_10.0.2_411/ide/tools/bin/../lib/gcc/arm-none-eabi/5.4.1/../../../../arm-none-eabi/lib/armv6-m\libcr_c.a(fseek.o)
 .comment       0x0000006e       0x6f c:/nxp/mcuxpressoide_10.0.2_411/ide/tools/bin/../lib/gcc/arm-none-eabi/5.4.1/../../../../arm-none-eabi/lib/armv6-m\libcr_c.a(ftell.o)
 .comment       0x0000006e       0x6f c:/nxp/mcuxpressoide_10.0.2_411/ide/tools/bin/../lib/gcc/arm-none-eabi/5.4.1/../../../../arm-none-eabi/lib/armv6-m\libcr_c.a(initio.o)
 .comment       0x0000006e       0x6f c:/nxp/mcuxpressoide_10.0.2_411/ide/tools/bin/../lib/gcc/arm-none-eabi/5.4.1/../../../../arm-none-eabi/lib/armv6-m\libcr_c.a(setvbuf.o)
 .comment       0x0000006e       0x6f c:/nxp/mcuxpressoide_10.0.2_411/ide/tools/bin/../lib/gcc/arm-none-eabi/5.4.1/../../../../arm-none-eabi/lib/armv6-m\libcr_c.a(__init_alloc.o)
 .comment       0x0000006e       0x6f c:/nxp/mcuxpressoide_10.0.2_411/ide/tools/bin/../lib/gcc/arm-none-eabi/5.4.1/../../../../arm-none-eabi/lib/armv6-m\libcr_c.a(_cr_sbrk.o)
 .comment       0x0000006e       0x6f c:/nxp/mcuxpressoide_10.0.2_411/ide/tools/bin/../lib/gcc/arm-none-eabi/5.4.1/../../../../arm-none-eabi/lib/armv6-m\libcr_c.a(_fdopen.o)
 .comment       0x0000006e       0x6f c:/nxp/mcuxpressoide_10.0.2_411/ide/tools/bin/../lib/gcc/arm-none-eabi/5.4.1/../../../../arm-none-eabi/lib/armv6-m\libcr_c.a(errno.o)
 .comment       0x0000006e       0x6f c:/nxp/mcuxpressoide_10.0.2_411/ide/tools/bin/../lib/gcc/arm-none-eabi/5.4.1/../../../../arm-none-eabi/lib/armv6-m\libcr_c.a(fclose.o)
 .comment       0x0000006e       0x6f c:/nxp/mcuxpressoide_10.0.2_411/ide/tools/bin/../lib/gcc/arm-none-eabi/5.4.1/../../../../arm-none-eabi/lib/armv6-m\libcr_c.a(fflush.o)
 .comment       0x0000006e       0x6f c:/nxp/mcuxpressoide_10.0.2_411/ide/tools/bin/../lib/gcc/arm-none-eabi/5.4.1/../../../../arm-none-eabi/lib/armv6-m\libcr_c.a(remove.o)
 .comment       0x0000006e       0x6f c:/nxp/mcuxpressoide_10.0.2_411/ide/tools/bin/../lib/gcc/arm-none-eabi/5.4.1/../../../../arm-none-eabi/lib/armv6-m\libcr_c.a(strlen.o)
 .comment       0x0000006e       0x6f c:/nxp/mcuxpressoide_10.0.2_411/ide/tools/bin/../lib/gcc/arm-none-eabi/5.4.1/../../../../arm-none-eabi/lib/armv6-m\libcr_c.a(_cr_check_heap.o)
 .comment       0x0000006e       0x6f c:/nxp/mcuxpressoide_10.0.2_411/ide/tools/bin/../lib/gcc/arm-none-eabi/5.4.1/../../../../arm-none-eabi/lib/armv6-m\libcr_c.a(_do_fflush.o)

.ARM.attributes
                0x00000000       0x30
 .ARM.attributes
                0x00000000       0x32 ./utilities/fsl_debug_console.o
 .ARM.attributes
                0x00000032       0x32 ./startup/startup_mkl46z4.o
 .ARM.attributes
                0x00000064       0x32 ./source/PWM.o
 .ARM.attributes
                0x00000096       0x32 ./source/PWMtest.o
 .ARM.attributes
                0x000000c8       0x32 ./source/delay.o
 .ARM.attributes
                0x000000fa       0x32 ./source/mtb.o
 .ARM.attributes
                0x0000012c       0x32 ./frdmkl46z/board.o
 .ARM.attributes
                0x0000015e       0x32 ./frdmkl46z/clock_config.o
 .ARM.attributes
                0x00000190       0x32 ./frdmkl46z/pin_mux.o
 .ARM.attributes
                0x000001c2       0x32 ./drivers/fsl_clock.o
 .ARM.attributes
                0x000001f4       0x32 ./drivers/fsl_lpsci.o
 .ARM.attributes
                0x00000226       0x32 ./drivers/fsl_uart.o
 .ARM.attributes
                0x00000258       0x32 ./CMSIS/system_MKL46Z4.o
 .ARM.attributes
                0x0000028a       0x31 c:/nxp/mcuxpressoide_10.0.2_411/ide/tools/bin/../lib/gcc/arm-none-eabi/5.4.1/../../../../arm-none-eabi/lib/armv6-m\libcr_semihost_nf.a(_cr__main.o)
 .ARM.attributes
                0x000002bb       0x31 c:/nxp/mcuxpressoide_10.0.2_411/ide/tools/bin/../lib/gcc/arm-none-eabi/5.4.1/../../../../arm-none-eabi/lib/armv6-m\libcr_semihost_nf.a(_cr_assert.o)
 .ARM.attributes
                0x000002ec       0x31 c:/nxp/mcuxpressoide_10.0.2_411/ide/tools/bin/../lib/gcc/arm-none-eabi/5.4.1/../../../../arm-none-eabi/lib/armv6-m\libcr_semihost_nf.a(__ciob.o)
 .ARM.attributes
                0x0000031d       0x21 c:/nxp/mcuxpressoide_10.0.2_411/ide/tools/bin/../lib/gcc/arm-none-eabi/5.4.1/../../../../arm-none-eabi/lib/armv6-m\libcr_semihost_nf.a(__sys_appexit.o)
 .ARM.attributes
                0x0000033e       0x31 c:/nxp/mcuxpressoide_10.0.2_411/ide/tools/bin/../lib/gcc/arm-none-eabi/5.4.1/../../../../arm-none-eabi/lib/armv6-m\libcr_c.a(memset.o)
 .ARM.attributes
                0x0000036f       0x31 c:/nxp/mcuxpressoide_10.0.2_411/ide/tools/bin/../lib/gcc/arm-none-eabi/5.4.1/../../../../arm-none-eabi/lib/armv6-m\libcr_c.a(_deferredlazyseek.o)
 .ARM.attributes
                0x000003a0       0x31 c:/nxp/mcuxpressoide_10.0.2_411/ide/tools/bin/../lib/gcc/arm-none-eabi/5.4.1/../../../../arm-none-eabi/lib/armv6-m\libcr_c.a(_fflush.o)
 .ARM.attributes
                0x000003d1       0x31 c:/nxp/mcuxpressoide_10.0.2_411/ide/tools/bin/../lib/gcc/arm-none-eabi/5.4.1/../../../../arm-none-eabi/lib/armv6-m\libcr_c.a(_writebuf.o)
 .ARM.attributes
                0x00000402       0x31 c:/nxp/mcuxpressoide_10.0.2_411/ide/tools/bin/../lib/gcc/arm-none-eabi/5.4.1/../../../../arm-none-eabi/lib/armv6-m\libcr_c.a(alloc.o)
 .ARM.attributes
                0x00000433       0x31 c:/nxp/mcuxpressoide_10.0.2_411/ide/tools/bin/../lib/gcc/arm-none-eabi/5.4.1/../../../../arm-none-eabi/lib/armv6-m\libcr_c.a(fputs.o)
 .ARM.attributes
                0x00000464       0x31 c:/nxp/mcuxpressoide_10.0.2_411/ide/tools/bin/../lib/gcc/arm-none-eabi/5.4.1/../../../../arm-none-eabi/lib/armv6-m\libcr_c.a(fseek.o)
 .ARM.attributes
                0x00000495       0x31 c:/nxp/mcuxpressoide_10.0.2_411/ide/tools/bin/../lib/gcc/arm-none-eabi/5.4.1/../../../../arm-none-eabi/lib/armv6-m\libcr_c.a(ftell.o)
 .ARM.attributes
                0x000004c6       0x31 c:/nxp/mcuxpressoide_10.0.2_411/ide/tools/bin/../lib/gcc/arm-none-eabi/5.4.1/../../../../arm-none-eabi/lib/armv6-m\libcr_c.a(initio.o)
 .ARM.attributes
                0x000004f7       0x31 c:/nxp/mcuxpressoide_10.0.2_411/ide/tools/bin/../lib/gcc/arm-none-eabi/5.4.1/../../../../arm-none-eabi/lib/armv6-m\libcr_c.a(setvbuf.o)
 .ARM.attributes
                0x00000528       0x31 c:/nxp/mcuxpressoide_10.0.2_411/ide/tools/bin/../lib/gcc/arm-none-eabi/5.4.1/../../../../arm-none-eabi/lib/armv6-m\libcr_c.a(__init_alloc.o)
 .ARM.attributes
                0x00000559       0x31 c:/nxp/mcuxpressoide_10.0.2_411/ide/tools/bin/../lib/gcc/arm-none-eabi/5.4.1/../../../../arm-none-eabi/lib/armv6-m\libcr_c.a(_cr_sbrk.o)
 .ARM.attributes
                0x0000058a       0x31 c:/nxp/mcuxpressoide_10.0.2_411/ide/tools/bin/../lib/gcc/arm-none-eabi/5.4.1/../../../../arm-none-eabi/lib/armv6-m\libcr_c.a(_fdopen.o)
 .ARM.attributes
                0x000005bb       0x31 c:/nxp/mcuxpressoide_10.0.2_411/ide/tools/bin/../lib/gcc/arm-none-eabi/5.4.1/../../../../arm-none-eabi/lib/armv6-m\libcr_c.a(errno.o)
 .ARM.attributes
                0x000005ec       0x31 c:/nxp/mcuxpressoide_10.0.2_411/ide/tools/bin/../lib/gcc/arm-none-eabi/5.4.1/../../../../arm-none-eabi/lib/armv6-m\libcr_c.a(fclose.o)
 .ARM.attributes
                0x0000061d       0x31 c:/nxp/mcuxpressoide_10.0.2_411/ide/tools/bin/../lib/gcc/arm-none-eabi/5.4.1/../../../../arm-none-eabi/lib/armv6-m\libcr_c.a(fflush.o)
 .ARM.attributes
                0x0000064e       0x31 c:/nxp/mcuxpressoide_10.0.2_411/ide/tools/bin/../lib/gcc/arm-none-eabi/5.4.1/../../../../arm-none-eabi/lib/armv6-m\libcr_c.a(remove.o)
 .ARM.attributes
                0x0000067f       0x31 c:/nxp/mcuxpressoide_10.0.2_411/ide/tools/bin/../lib/gcc/arm-none-eabi/5.4.1/../../../../arm-none-eabi/lib/armv6-m\libcr_c.a(strlen.o)
 .ARM.attributes
                0x000006b0       0x31 c:/nxp/mcuxpressoide_10.0.2_411/ide/tools/bin/../lib/gcc/arm-none-eabi/5.4.1/../../../../arm-none-eabi/lib/armv6-m\libcr_c.a(_cr_check_heap.o)
 .ARM.attributes
                0x000006e1       0x31 c:/nxp/mcuxpressoide_10.0.2_411/ide/tools/bin/../lib/gcc/arm-none-eabi/5.4.1/../../../../arm-none-eabi/lib/armv6-m\libcr_c.a(_do_fflush.o)
 .ARM.attributes
                0x00000712       0x21 c:/nxp/mcuxpressoide_10.0.2_411/ide/tools/bin/../lib/gcc/arm-none-eabi/5.4.1/armv6-m\libcr_eabihelpers.a(division_32.o)
 .ARM.attributes
                0x00000733       0x21 c:/nxp/mcuxpressoide_10.0.2_411/ide/tools/bin/../lib/gcc/arm-none-eabi/5.4.1/armv6-m\libcr_eabihelpers.a(division_idiv0.o)
 .ARM.attributes
                0x00000754       0x21 c:/nxp/mcuxpressoide_10.0.2_411/ide/tools/bin/../lib/gcc/arm-none-eabi/5.4.1/armv6-m\libcr_eabihelpers.a(memcpy.o)
 .ARM.attributes
                0x00000775       0x21 c:/nxp/mcuxpressoide_10.0.2_411/ide/tools/bin/../lib/gcc/arm-none-eabi/5.4.1/../../../../arm-none-eabi/lib/armv6-m\libcr_semihost_nf.a(__sys_close.o)
 .ARM.attributes
                0x00000796       0x21 c:/nxp/mcuxpressoide_10.0.2_411/ide/tools/bin/../lib/gcc/arm-none-eabi/5.4.1/../../../../arm-none-eabi/lib/armv6-m\libcr_semihost_nf.a(__sys_flen.o)
 .ARM.attributes
                0x000007b7       0x21 c:/nxp/mcuxpressoide_10.0.2_411/ide/tools/bin/../lib/gcc/arm-none-eabi/5.4.1/../../../../arm-none-eabi/lib/armv6-m\libcr_semihost_nf.a(__sys_istty.o)
 .ARM.attributes
                0x000007d8       0x21 c:/nxp/mcuxpressoide_10.0.2_411/ide/tools/bin/../lib/gcc/arm-none-eabi/5.4.1/../../../../arm-none-eabi/lib/armv6-m\libcr_semihost_nf.a(__sys_remove.o)
 .ARM.attributes
                0x000007f9       0x21 c:/nxp/mcuxpressoide_10.0.2_411/ide/tools/bin/../lib/gcc/arm-none-eabi/5.4.1/../../../../arm-none-eabi/lib/armv6-m\libcr_semihost_nf.a(__sys_seek.o)
 .ARM.attributes
                0x0000081a       0x21 c:/nxp/mcuxpressoide_10.0.2_411/ide/tools/bin/../lib/gcc/arm-none-eabi/5.4.1/../../../../arm-none-eabi/lib/armv6-m\libcr_semihost_nf.a(__sys_tmpnam.o)
 .ARM.attributes
                0x0000083b       0x21 c:/nxp/mcuxpressoide_10.0.2_411/ide/tools/bin/../lib/gcc/arm-none-eabi/5.4.1/../../../../arm-none-eabi/lib/armv6-m\libcr_semihost_nf.a(__sys_write.o)

.debug_frame    0x00000000     0x16f4
 .debug_frame   0x00000000       0xcc ./utilities/fsl_debug_console.o
 .debug_frame   0x000000cc      0x3b0 ./startup/startup_mkl46z4.o
 .debug_frame   0x0000047c       0xa8 ./source/PWM.o
 .debug_frame   0x00000524       0x2c ./source/PWMtest.o
 .debug_frame   0x00000550       0x30 ./source/delay.o
 .debug_frame   0x00000580       0x50 ./frdmkl46z/board.o
 .debug_frame   0x000005d0      0x100 ./frdmkl46z/clock_config.o
 .debug_frame   0x000006d0       0x88 ./frdmkl46z/pin_mux.o
 .debug_frame   0x00000758      0x6dc ./drivers/fsl_clock.o
 .debug_frame   0x00000e34      0x410 ./drivers/fsl_lpsci.o
 .debug_frame   0x00001244      0x464 ./drivers/fsl_uart.o
 .debug_frame   0x000016a8       0x4c ./CMSIS/system_MKL46Z4.o
