Archive member included to satisfy reference by file (symbol)

c:/nxp/mcuxpressoide_10.0.2_411/ide/tools/bin/../lib/gcc/arm-none-eabi/5.4.1/../../../../arm-none-eabi/lib/armv6-m\libcr_semihost_nf.a(_cr__main.o)
                              ./startup/startup_mkl46z4.o (__main)
c:/nxp/mcuxpressoide_10.0.2_411/ide/tools/bin/../lib/gcc/arm-none-eabi/5.4.1/../../../../arm-none-eabi/lib/armv6-m\libcr_semihost_nf.a(_cr_assert.o)
                              ./drivers/fsl_clock.o (__assertion_failed)
c:/nxp/mcuxpressoide_10.0.2_411/ide/tools/bin/../lib/gcc/arm-none-eabi/5.4.1/../../../../arm-none-eabi/lib/armv6-m\libcr_semihost_nf.a(__ciob.o)
                              c:/nxp/mcuxpressoide_10.0.2_411/ide/tools/bin/../lib/gcc/arm-none-eabi/5.4.1/../../../../arm-none-eabi/lib/armv6-m\libcr_semihost_nf.a(_cr_assert.o) (__Ciob)
c:/nxp/mcuxpressoide_10.0.2_411/ide/tools/bin/../lib/gcc/arm-none-eabi/5.4.1/../../../../arm-none-eabi/lib/armv6-m\libcr_semihost_nf.a(__sys_appexit.o)
                              c:/nxp/mcuxpressoide_10.0.2_411/ide/tools/bin/../lib/gcc/arm-none-eabi/5.4.1/../../../../arm-none-eabi/lib/armv6-m\libcr_semihost_nf.a(_cr_assert.o) (__sys_appexit)
c:/nxp/mcuxpressoide_10.0.2_411/ide/tools/bin/../lib/gcc/arm-none-eabi/5.4.1/../../../../arm-none-eabi/lib/armv6-m\libcr_c.a(memcpy.o)
                              ./drivers/fsl_flash.o (memcpy)
c:/nxp/mcuxpressoide_10.0.2_411/ide/tools/bin/../lib/gcc/arm-none-eabi/5.4.1/../../../../arm-none-eabi/lib/armv6-m\libcr_c.a(memset.o)
                              ./drivers/fsl_flash.o (memset)
c:/nxp/mcuxpressoide_10.0.2_411/ide/tools/bin/../lib/gcc/arm-none-eabi/5.4.1/../../../../arm-none-eabi/lib/armv6-m\libcr_c.a(_deferredlazyseek.o)
                              c:/nxp/mcuxpressoide_10.0.2_411/ide/tools/bin/../lib/gcc/arm-none-eabi/5.4.1/../../../../arm-none-eabi/lib/armv6-m\libcr_semihost_nf.a(_cr_assert.o) (__flsbuf)
c:/nxp/mcuxpressoide_10.0.2_411/ide/tools/bin/../lib/gcc/arm-none-eabi/5.4.1/../../../../arm-none-eabi/lib/armv6-m\libcr_c.a(_fflush.o)
                              c:/nxp/mcuxpressoide_10.0.2_411/ide/tools/bin/../lib/gcc/arm-none-eabi/5.4.1/../../../../arm-none-eabi/lib/armv6-m\libcr_c.a(_deferredlazyseek.o) (_fflush)
c:/nxp/mcuxpressoide_10.0.2_411/ide/tools/bin/../lib/gcc/arm-none-eabi/5.4.1/../../../../arm-none-eabi/lib/armv6-m\libcr_c.a(_writebuf.o)
                              c:/nxp/mcuxpressoide_10.0.2_411/ide/tools/bin/../lib/gcc/arm-none-eabi/5.4.1/../../../../arm-none-eabi/lib/armv6-m\libcr_c.a(_deferredlazyseek.o) (_Cwritebuf)
c:/nxp/mcuxpressoide_10.0.2_411/ide/tools/bin/../lib/gcc/arm-none-eabi/5.4.1/../../../../arm-none-eabi/lib/armv6-m\libcr_c.a(alloc.o)
                              c:/nxp/mcuxpressoide_10.0.2_411/ide/tools/bin/../lib/gcc/arm-none-eabi/5.4.1/../../../../arm-none-eabi/lib/armv6-m\libcr_c.a(_deferredlazyseek.o) (_Csys_alloc)
c:/nxp/mcuxpressoide_10.0.2_411/ide/tools/bin/../lib/gcc/arm-none-eabi/5.4.1/../../../../arm-none-eabi/lib/armv6-m\libcr_c.a(fputs.o)
                              c:/nxp/mcuxpressoide_10.0.2_411/ide/tools/bin/../lib/gcc/arm-none-eabi/5.4.1/../../../../arm-none-eabi/lib/armv6-m\libcr_semihost_nf.a(_cr_assert.o) (fputs)
c:/nxp/mcuxpressoide_10.0.2_411/ide/tools/bin/../lib/gcc/arm-none-eabi/5.4.1/../../../../arm-none-eabi/lib/armv6-m\libcr_c.a(fseek.o)
                              c:/nxp/mcuxpressoide_10.0.2_411/ide/tools/bin/../lib/gcc/arm-none-eabi/5.4.1/../../../../arm-none-eabi/lib/armv6-m\libcr_c.a(_deferredlazyseek.o) (fseek)
c:/nxp/mcuxpressoide_10.0.2_411/ide/tools/bin/../lib/gcc/arm-none-eabi/5.4.1/../../../../arm-none-eabi/lib/armv6-m\libcr_c.a(ftell.o)
                              c:/nxp/mcuxpressoide_10.0.2_411/ide/tools/bin/../lib/gcc/arm-none-eabi/5.4.1/../../../../arm-none-eabi/lib/armv6-m\libcr_c.a(fseek.o) (ftell)
c:/nxp/mcuxpressoide_10.0.2_411/ide/tools/bin/../lib/gcc/arm-none-eabi/5.4.1/../../../../arm-none-eabi/lib/armv6-m\libcr_c.a(initio.o)
                              c:/nxp/mcuxpressoide_10.0.2_411/ide/tools/bin/../lib/gcc/arm-none-eabi/5.4.1/../../../../arm-none-eabi/lib/armv6-m\libcr_semihost_nf.a(_cr__main.o) (_initio)
c:/nxp/mcuxpressoide_10.0.2_411/ide/tools/bin/../lib/gcc/arm-none-eabi/5.4.1/../../../../arm-none-eabi/lib/armv6-m\libcr_c.a(setvbuf.o)
                              c:/nxp/mcuxpressoide_10.0.2_411/ide/tools/bin/../lib/gcc/arm-none-eabi/5.4.1/../../../../arm-none-eabi/lib/armv6-m\libcr_c.a(initio.o) (setvbuf)
c:/nxp/mcuxpressoide_10.0.2_411/ide/tools/bin/../lib/gcc/arm-none-eabi/5.4.1/../../../../arm-none-eabi/lib/armv6-m\libcr_c.a(__init_alloc.o)
                              c:/nxp/mcuxpressoide_10.0.2_411/ide/tools/bin/../lib/gcc/arm-none-eabi/5.4.1/../../../../arm-none-eabi/lib/armv6-m\libcr_c.a(alloc.o) (__heaps)
c:/nxp/mcuxpressoide_10.0.2_411/ide/tools/bin/../lib/gcc/arm-none-eabi/5.4.1/../../../../arm-none-eabi/lib/armv6-m\libcr_c.a(_cr_sbrk.o)
[...]
Memory Configuration

Name             Origin             Length             Attributes
PROGRAM_FLASH    0x00000000         0x00040000         xr
SRAM             0x1fffe000         0x00008000         xrw
*default*        0x00000000         0xffffffff

Linker script and memory map

LOAD ./utilities/fsl_debug_console.o
LOAD ./startup/startup_mkl46z4.o
LOAD ./source/ADC.o
LOAD ./source/LCD.o
LOAD ./source/LED.o
LOAD ./source/PWM.o
LOAD ./source/Robot.o
LOAD ./source/camera.o
LOAD ./source/collision.o
LOAD ./source/delay.o
LOAD ./source/mtb.o
LOAD ./frdmkl46z/board.o
LOAD ./frdmkl46z/clock_config.o
LOAD ./frdmkl46z/pin_mux.o
LOAD ./drivers/fsl_clock.o
LOAD ./drivers/fsl_common.o
LOAD ./drivers/fsl_flash.o
LOAD ./drivers/fsl_gpio.o
LOAD ./drivers/fsl_lpsci.o
LOAD ./drivers/fsl_smc.o
LOAD ./drivers/fsl_uart.o
LOAD ./CMSIS/system_MKL46Z4.o
START GROUP
LOAD c:/nxp/mcuxpressoide_10.0.2_411/ide/tools/bin/../lib/gcc/arm-none-eabi/5.4.1/../../../../arm-none-eabi/lib/armv6-m\libcr_semihost_nf.a
LOAD c:/nxp/mcuxpressoide_10.0.2_411/ide/tools/bin/../lib/gcc/arm-none-eabi/5.4.1/../../../../arm-none-eabi/lib/armv6-m\libcr_c.a
LOAD c:/nxp/mcuxpressoide_10.0.2_411/ide/tools/bin/../lib/gcc/arm-none-eabi/5.4.1/armv6-m\libcr_eabihelpers.a
END GROUP
                0x00000000                __base_PROGRAM_FLASH = 0x0
                0x00000000                __base_Flash = 0x0
                0x00040000                __top_PROGRAM_FLASH = 0x40000
                0x00040000                __top_Flash = 0x40000
                0x1fffe000                __base_SRAM = 0x1fffe000
                0x1fffe000                __base_RAM = 0x1fffe000
                0x20006000                __top_SRAM = 0x20006000
                0x20006000                __top_RAM = 0x20006000

.text           0x00000000     0x3838
 FILL mask 0xff
                0x00000000                __vectors_start__ = ABSOLUTE (.)
 *(.isr_vector)
 .isr_vector    0x00000000       0xc0 ./startup/startup_mkl46z4.o
                0x00000000                g_pfnVectors
                0x00000000                __Vectors
                0x000000c0                . = ALIGN (0x4)
                0x000000c0                __section_table_start = .
                0x000000c0                __data_section_table = .
                0x000000c0        0x4 LONG 0x3838 LOADADDR (.data)
                0x000000c4        0x4 LONG 0x1fffe080 ADDR (.data)
                0x000000c8        0x4 LONG 0x14 SIZEOF (.data)
                0x000000cc                __data_section_table_end = .
                0x000000cc                __bss_section_table = .
                0x000000cc        0x4 LONG 0x1fffe094 ADDR (.bss)
                0x000000d0        0x4 LONG 0x144 SIZEOF (.bss)
                0x000000d4                __bss_section_table_end = .
                0x000000d4                __section_table_end = .
 *(.after_vectors*)
 .after_vectors.init_data
                0x000000d4       0x18 ./startup/startup_mkl46z4.o
                0x000000d4                data_init
 .after_vectors.init_bss
                0x000000ec       0x14 ./startup/startup_mkl46z4.o
                0x000000ec                bss_init
 .after_vectors.reset
                0x00000100       0x4c ./startup/startup_mkl46z4.o
                0x00000100                ResetISR
 .after_vectors
                0x0000014c      0x118 ./startup/startup_mkl46z4.o
                0x0000014c                NMI_Handler
                0x00000150                HardFault_Handler
                0x00000154                SVC_Handler
                0x00000158                PendSV_Handler
                0x0000015c                SysTick_Handler
                0x00000160                I2C0_DriverIRQHandler
                0x00000160                PORTC_PORTD_DriverIRQHandler
                0x00000160                SPI1_DriverIRQHandler
                0x00000160                LPTMR0_DriverIRQHandler
                0x00000160                DMA0_DriverIRQHandler
                0x00000160                DMA2_DriverIRQHandler
                0x00000160                CMP0_DriverIRQHandler
                0x00000160                I2S0_DriverIRQHandler
                0x00000160                ADC0_DriverIRQHandler
                0x00000160                SPI0_DriverIRQHandler
                0x00000160                TPM2_DriverIRQHandler
                0x00000160                I2C1_DriverIRQHandler
                0x00000160                DMA3_DriverIRQHandler
                0x00000160                DMA1_DriverIRQHandler
                0x00000160                TSI0_DriverIRQHandler
                0x00000160                RTC_Seconds_DriverIRQHandler
                0x00000160                PIT_DriverIRQHandler
                0x00000160                LCD_DriverIRQHandler
                0x00000160                LLWU_DriverIRQHandler
                0x00000160                MCG_DriverIRQHandler
                0x00000160                RTC_DriverIRQHandler
                0x00000160                TPM1_DriverIRQHandler
                0x00000160                FTFA_DriverIRQHandler
                0x00000160                IntDefaultHandler
                0x00000160                USB0_DriverIRQHandler
                0x00000160                DAC0_DriverIRQHandler
                0x00000160                LVD_LVW_DriverIRQHandler
                0x00000160                TPM0_DriverIRQHandler
                0x00000160                PORTA_DriverIRQHandler
                0x00000160                Reserved20_DriverIRQHandler
                0x00000164                DMA0_IRQHandler
                0x0000016c                DMA1_IRQHandler
                0x00000174                DMA2_IRQHandler
                0x0000017c                DMA3_IRQHandler
                0x00000184                Reserved20_IRQHandler
                0x0000018c                FTFA_IRQHandler
                0x00000194                LVD_LVW_IRQHandler
                0x0000019c                LLWU_IRQHandler
                0x000001a4                I2C0_IRQHandler
                0x000001ac                I2C1_IRQHandler
                0x000001b4                SPI0_IRQHandler
                0x000001bc                SPI1_IRQHandler
                0x000001c4                UART0_IRQHandler
                0x000001cc                UART1_IRQHandler
                0x000001d4                UART2_IRQHandler
                0x000001dc                ADC0_IRQHandler
                0x000001e4                CMP0_IRQHandler
                0x000001ec                TPM0_IRQHandler
                0x000001f4                TPM1_IRQHandler
                0x000001fc                TPM2_IRQHandler
                0x00000204                RTC_IRQHandler
                0x0000020c                RTC_Seconds_IRQHandler
                0x00000214                PIT_IRQHandler
                0x0000021c                I2S0_IRQHandler
                0x00000224                USB0_IRQHandler
                0x0000022c                DAC0_IRQHandler
                0x00000234                TSI0_IRQHandler
                0x0000023c                MCG_IRQHandler
                0x00000244                LPTMR0_IRQHandler
                0x0000024c                LCD_IRQHandler
                0x00000254                PORTA_IRQHandler
                0x0000025c                PORTC_PORTD_IRQHandler
                0x00000400                . = 0x400
 *fill*         0x00000264      0x19c ff
                0x00000400                PROVIDE (__FLASH_CONFIG_START__, .)
 *(.FlashConfig)
 .FlashConfig   0x00000400       0x10 ./startup/startup_mkl46z4.o
                0x00000400                Flash_Config
                0x00000410                PROVIDE (__FLASH_CONFIG_END__, .)
                0x00000001                ASSERT (! ((__FLASH_CONFIG_START__ == __FLASH_CONFIG_END__)), Linker Flash Config Support Enabled, but no .FlashConfig section provided within application)
 *(.text*)
 .text.UART_EnableTx
                0x00000410       0x40 ./utilities/fsl_debug_console.o
 .text.UART_EnableRx
                0x00000450       0x40 ./utilities/fsl_debug_console.o
 .text.LPSCI_EnableTx
                0x00000490       0x40 ./utilities/fsl_debug_console.o
 .text.LPSCI_EnableRx
                0x000004d0       0x40 ./utilities/fsl_debug_console.o
 .text.DbgConsole_Init
                0x00000510       0xf4 ./utilities/fsl_debug_console.o
                0x00000510                DbgConsole_Init
 .text.ADCinit  0x00000604       0x30 ./source/ADC.o
                0x00000604                ADCinit
 .text.ADCstart
                0x00000634       0x20 ./source/ADC.o
                0x00000634                ADCstart
 .text.ADCread  0x00000654       0x30 ./source/ADC.o
                0x00000654                ADCread
 .text.LCD_init
                0x00000684       0x84 ./source/LCD.o
                0x00000684                LCD_init
 .text.LCDNumberLeft
                0x00000708       0x8c ./source/LCD.o
                0x00000708                LCDNumberLeft
 .text.LCDNumberRight
                0x00000794       0x8c ./source/LCD.o
                0x00000794                LCDNumberRight
 .text.LED_init
                0x00000820       0x4c ./source/LED.o
                0x00000820                LED_init
 .text.LED      0x0000086c       0x70 ./source/LED.o
                0x0000086c                LED
 .text.PWM_init
                0x000008dc       0x80 ./source/PWM.o
                0x000008dc                PWM_init
 .text.PWMduty0
                0x0000095c       0x1c ./source/PWM.o
                0x0000095c                PWMduty0
 .text.PWMduty1
                0x00000978       0x1c ./source/PWM.o
                0x00000978                PWMduty1
 .text.motor_init
                0x00000994       0x54 ./source/PWM.o
                0x00000994                motor_init
 .text.motor    0x000009e8       0x78 ./source/PWM.o
                0x000009e8                motor
 .text.main     0x00000a60      0x1cc ./source/Robot.o
                0x00000a60                main
 .text.collision_avoidance
                0x00000c2c      0x104 ./source/Robot.o
                0x00000c2c                collision_avoidance
 .text.camera_init
                0x00000d30       0x60 ./source/camera.o
                0x00000d30                camera_init
 .text.camera_true
                0x00000d90       0xb0 ./source/camera.o
                0x00000d90                camera_true
 .text.camera_dummy
                0x00000e40       0xac ./source/camera.o
                0x00000e40                camera_dummy
 .text.max      0x00000eec       0x54 ./source/camera.o
                0x00000eec                max
 .text.camera_read
                0x00000f40       0xb0 ./source/camera.o
                0x00000f40                camera_read
 .text.camera_process
                0x00000ff0       0xf8 ./source/camera.o
                0x00000ff0                camera_process
 .text.collision_init
                0x000010e8       0x48 ./source/collision.o
                0x000010e8                collision_init
 .text.collision_detect
                0x00001130       0x4c ./source/collision.o
                0x00001130                collision_detect
 .text.delay    0x0000117c       0x24 ./source/delay.o
                0x0000117c                delay
 .text.CLOCK_SetLpsci0Clock
                0x000011a0       0x38 ./frdmkl46z/board.o
 .text.BOARD_InitDebugConsole
                0x000011d8       0x30 ./frdmkl46z/board.o
                0x000011d8                BOARD_InitDebugConsole
 .text.CLOCK_SetSimSafeDivs
                0x00001208       0x20 ./frdmkl46z/clock_config.o
 .text.CLOCK_SetXtal0Freq
                0x00001228       0x1c ./frdmkl46z/clock_config.o
 .text.BOARD_InitBootClocks
                0x00001244       0x10 ./frdmkl46z/clock_config.o
                0x00001244                BOARD_InitBootClocks
 .text.CLOCK_CONFIG_SetFllExtRefDiv
                0x00001254       0x3c ./frdmkl46z/clock_config.o
 .text.BOARD_BootClockRUN
                0x00001290       0x64 ./frdmkl46z/clock_config.o
                0x00001290                BOARD_BootClockRUN
 .text.CLOCK_EnableClock
                0x000012f4       0x38 ./frdmkl46z/pin_mux.o
 .text.PORT_SetPinMux
                0x0000132c       0x40 ./frdmkl46z/pin_mux.o
 .text.BOARD_InitBootPins
                0x0000136c       0x10 ./frdmkl46z/pin_mux.o
                0x0000136c                BOARD_InitBootPins
 .text.BOARD_InitPins
                0x0000137c       0x4c ./frdmkl46z/pin_mux.o
                0x0000137c                BOARD_InitPins
 .text.CLOCK_SetEr32kClock
                0x000013c8       0x30 ./drivers/fsl_clock.o
 .text.CLOCK_SetPllFllSelClock
                0x000013f8       0x38 ./drivers/fsl_clock.o
 .text.OSC_SetExtRefClkConfig
                0x00001430       0x48 ./drivers/fsl_clock.o
 .text.OSC_SetCapLoad
                0x00001478       0x4c ./drivers/fsl_clock.o
 .text.CLOCK_GetMcgExtClkFreq
                0x000014c4       0x28 ./drivers/fsl_clock.o
 .text.CLOCK_GetFllExtRefClkFreq
                0x000014ec       0xa4 ./drivers/fsl_clock.o
 .text.CLOCK_GetFllRefClkFreq
                0x00001590       0x30 ./drivers/fsl_clock.o
 .text.CLOCK_GetPll0RefFreq
                0x000015c0       0x10 ./drivers/fsl_clock.o
 .text.CLOCK_GetOscRangeFromFreq
                0x000015d0       0x4c ./drivers/fsl_clock.o
 .text.CLOCK_GetPllFllSelClkFreq
                0x0000161c       0x50 ./drivers/fsl_clock.o
                0x0000161c                CLOCK_GetPllFllSelClkFreq
 .text.CLOCK_SetSimConfig
                0x0000166c       0x38 ./drivers/fsl_clock.o
                0x0000166c                CLOCK_SetSimConfig
 .text.CLOCK_GetFllFreq
                0x000016a4       0x84 ./drivers/fsl_clock.o
                0x000016a4                CLOCK_GetFllFreq
 .text.CLOCK_GetPll0Freq
                0x00001728       0x70 ./drivers/fsl_clock.o
                0x00001728                CLOCK_GetPll0Freq
 .text.CLOCK_SetExternalRefClkConfig
                0x00001798       0x18 ./drivers/fsl_clock.o
                0x00001798                CLOCK_SetExternalRefClkConfig
 .text.CLOCK_SetInternalRefClkConfig
                0x000017b0      0x12c ./drivers/fsl_clock.o
                0x000017b0                CLOCK_SetInternalRefClkConfig
 .text.CLOCK_EnablePll0
                0x000018dc       0x98 ./drivers/fsl_clock.o
                0x000018dc                CLOCK_EnablePll0
 .text.CLOCK_InitOsc0
                0x00001974       0x98 ./drivers/fsl_clock.o
                0x00001974                CLOCK_InitOsc0
 .text.CLOCK_SetPbeMode
                0x00001a0c       0xb0 ./drivers/fsl_clock.o
                0x00001a0c                CLOCK_SetPbeMode
 .text.CLOCK_BootToPeeMode
                0x00001abc       0x70 ./drivers/fsl_clock.o
                0x00001abc                CLOCK_BootToPeeMode
 .text.CLOCK_EnableClock
                0x00001b2c       0x38 ./drivers/fsl_lpsci.o
 .text.LPSCI_GetInstance
                0x00001b64       0x48 ./drivers/fsl_lpsci.o
                0x00001b64                LPSCI_GetInstance
 .text.LPSCI_Init
                0x00001bac      0x270 ./drivers/fsl_lpsci.o
                0x00001bac                LPSCI_Init
 .text.LPSCI_GetDefaultConfig
                0x00001e1c       0x44 ./drivers/fsl_lpsci.o
                0x00001e1c                LPSCI_GetDefaultConfig
 .text.LPSCI_GetStatusFlags
                0x00001e60       0x28 ./drivers/fsl_lpsci.o
                0x00001e60                LPSCI_GetStatusFlags
 .text.LPSCI_ClearStatusFlags
                0x00001e88       0x98 ./drivers/fsl_lpsci.o
                0x00001e88                LPSCI_ClearStatusFlags
 .text.LPSCI_WriteBlocking
                0x00001f20       0x4c ./drivers/fsl_lpsci.o
                0x00001f20                LPSCI_WriteBlocking
 .text.LPSCI_ReadBlocking
                0x00001f6c       0xc0 ./drivers/fsl_lpsci.o
                0x00001f6c                LPSCI_ReadBlocking
 .text.UART0_DriverIRQHandler
                0x0000202c       0x24 ./drivers/fsl_lpsci.o
                0x0000202c                UART0_DriverIRQHandler
 .text.CLOCK_EnableClock
                0x00002050       0x38 ./drivers/fsl_uart.o
 .text.UART_GetInstance
                0x00002088       0x54 ./drivers/fsl_uart.o
                0x00002088                UART_GetInstance
 .text.UART_Init
                0x000020dc      0x1fc ./drivers/fsl_uart.o
                0x000020dc                UART_Init
 .text.UART_GetDefaultConfig
                0x000022d8       0x44 ./drivers/fsl_uart.o
                0x000022d8                UART_GetDefaultConfig
 .text.UART_GetStatusFlags
                0x0000231c       0x28 ./drivers/fsl_uart.o
                0x0000231c                UART_GetStatusFlags
 .text.UART_WriteBlocking
                0x00002344       0x3c ./drivers/fsl_uart.o
                0x00002344                UART_WriteBlocking
 .text.UART_ReadBlocking
                0x00002380       0x98 ./drivers/fsl_uart.o
                0x00002380                UART_ReadBlocking
 .text.UART1_DriverIRQHandler
                0x00002418       0x24 ./drivers/fsl_uart.o
                0x00002418                UART1_DriverIRQHandler
 .text.UART2_DriverIRQHandler
                0x0000243c       0x24 ./drivers/fsl_uart.o
                0x0000243c                UART2_DriverIRQHandler
 .text.SystemInit
                0x00002460       0x18 ./CMSIS/system_MKL46Z4.o
                0x00002460                SystemInit
 .text.__main   0x00002478        0xc c:/nxp/mcuxpressoide_10.0.2_411/ide/tools/bin/../lib/gcc/arm-none-eabi/5.4.1/../../../../arm-none-eabi/lib/armv6-m\libcr_semihost_nf.a(_cr__main.o)
                0x00002478                __CR_SEMIHOST
                0x00002478                __main
 .text.__assertion_failed
                0x00002484       0x4c c:/nxp/mcuxpressoide_10.0.2_411/ide/tools/bin/../lib/gcc/arm-none-eabi/5.4.1/../../../../arm-none-eabi/lib/armv6-m\libcr_semihost_nf.a(_cr_assert.o)
                0x00002484                __assertion_failed
 .text.__sys_appexit
                0x000024d0        0xc c:/nxp/mcuxpressoide_10.0.2_411/ide/tools/bin/../lib/gcc/arm-none-eabi/5.4.1/../../../../arm-none-eabi/lib/armv6-m\libcr_semihost_nf.a(__sys_appexit.o)
                0x000024d0                __sys_appexit
                0x000024d0                __exit
 .text.memset   0x000024dc        0x8 c:/nxp/mcuxpressoide_10.0.2_411/ide/tools/bin/../lib/gcc/arm-none-eabi/5.4.1/../../../../arm-none-eabi/lib/armv6-m\libcr_c.a(memset.o)
                0x000024dc                memset
 .text._deferredlazyseek
                0x000024e4       0x40 c:/nxp/mcuxpressoide_10.0.2_411/ide/tools/bin/../lib/gcc/arm-none-eabi/5.4.1/../../../../arm-none-eabi/lib/armv6-m\libcr_c.a(_deferredlazyseek.o)
                0x000024e4                _deferredlazyseek
 .text.__flsbuf
                0x00002524      0x14c c:/nxp/mcuxpressoide_10.0.2_411/ide/tools/bin/../lib/gcc/arm-none-eabi/5.4.1/../../../../arm-none-eabi/lib/armv6-m\libcr_c.a(_deferredlazyseek.o)
                0x00002524                __flsbuf
 .text._fflush  0x00002670       0x60 c:/nxp/mcuxpressoide_10.0.2_411/ide/tools/bin/../lib/gcc/arm-none-eabi/5.4.1/../../../../arm-none-eabi/lib/armv6-m\libcr_c.a(_fflush.o)
                0x00002670                _fflush
 .text._Cwritebuf
                0x000026d0       0x6c c:/nxp/mcuxpressoide_10.0.2_411/ide/tools/bin/../lib/gcc/arm-none-eabi/5.4.1/../../../../arm-none-eabi/lib/armv6-m\libcr_c.a(_writebuf.o)
                0x000026d0                _Cwritebuf
 .text.malloc   0x0000273c       0xcc c:/nxp/mcuxpressoide_10.0.2_411/ide/tools/bin/../lib/gcc/arm-none-eabi/5.4.1/../../../../arm-none-eabi/lib/armv6-m\libcr_c.a(alloc.o)
                0x0000273c                malloc
 .text.free     0x00002808       0x2e c:/nxp/mcuxpressoide_10.0.2_411/ide/tools/bin/../lib/gcc/arm-none-eabi/5.4.1/../../../../arm-none-eabi/lib/armv6-m\libcr_c.a(alloc.o)
                0x00002808                free
 *fill*         0x00002836        0x2 ff
 .text._Csys_alloc
                0x00002838       0x20 c:/nxp/mcuxpressoide_10.0.2_411/ide/tools/bin/../lib/gcc/arm-none-eabi/5.4.1/../../../../arm-none-eabi/lib/armv6-m\libcr_c.a(alloc.o)
                0x00002838                _Csys_alloc
 .text.fputs    0x00002858       0x30 c:/nxp/mcuxpressoide_10.0.2_411/ide/tools/bin/../lib/gcc/arm-none-eabi/5.4.1/../../../../arm-none-eabi/lib/armv6-m\libcr_c.a(fputs.o)
                0x00002858                fputs
 .text.fseek    0x00002888       0xf0 c:/nxp/mcuxpressoide_10.0.2_411/ide/tools/bin/../lib/gcc/arm-none-eabi/5.4.1/../../../../arm-none-eabi/lib/armv6-m\libcr_c.a(fseek.o)
                0x00002888                fseek
 .text.ftell    0x00002978       0x48 c:/nxp/mcuxpressoide_10.0.2_411/ide/tools/bin/../lib/gcc/arm-none-eabi/5.4.1/../../../../arm-none-eabi/lib/armv6-m\libcr_c.a(ftell.o)
                0x00002978                ftell
 .text._initio  0x000029c0       0x7c c:/nxp/mcuxpressoide_10.0.2_411/ide/tools/bin/../lib/gcc/arm-none-eabi/5.4.1/../../../../arm-none-eabi/lib/armv6-m\libcr_c.a(initio.o)
                0x000029c0                _initio
 .text.setvbuf  0x00002a3c       0x4c c:/nxp/mcuxpressoide_10.0.2_411/ide/tools/bin/../lib/gcc/arm-none-eabi/5.4.1/../../../../arm-none-eabi/lib/armv6-m\libcr_c.a(setvbuf.o)
                0x00002a3c                setvbuf
 .text._sbrk    0x00002a88       0x40 c:/nxp/mcuxpressoide_10.0.2_411/ide/tools/bin/../lib/gcc/arm-none-eabi/5.4.1/../../../../arm-none-eabi/lib/armv6-m\libcr_c.a(_cr_sbrk.o)
                0x00002a88                _sbrk
 .text._fdopen  0x00002ac8       0x74 c:/nxp/mcuxpressoide_10.0.2_411/ide/tools/bin/../lib/gcc/arm-none-eabi/5.4.1/../../../../arm-none-eabi/lib/armv6-m\libcr_c.a(_fdopen.o)
                0x00002ac8                _fdopen
 .text.fclose   0x00002b3c       0x5c c:/nxp/mcuxpressoide_10.0.2_411/ide/tools/bin/../lib/gcc/arm-none-eabi/5.4.1/../../../../arm-none-eabi/lib/armv6-m\libcr_c.a(fclose.o)
                0x00002b3c                fclose
 .text.fflush   0x00002b98       0x44 c:/nxp/mcuxpressoide_10.0.2_411/ide/tools/bin/../lib/gcc/arm-none-eabi/5.4.1/../../../../arm-none-eabi/lib/armv6-m\libcr_c.a(fflush.o)
                0x00002b98                fflush
 .text.remove   0x00002bdc       0x12 c:/nxp/mcuxpressoide_10.0.2_411/ide/tools/bin/../lib/gcc/arm-none-eabi/5.4.1/../../../../arm-none-eabi/lib/armv6-m\libcr_c.a(remove.o)
                0x00002bdc                remove
 *fill*         0x00002bee        0x2 ff
 .text.strlen   0x00002bf0       0x54 c:/nxp/mcuxpressoide_10.0.2_411/ide/tools/bin/../lib/gcc/arm-none-eabi/5.4.1/../../../../arm-none-eabi/lib/armv6-m\libcr_c.a(strlen.o)
                0x00002bf0                strlen
 .text.__check_heap_overflow
                0x00002c44       0x14 c:/nxp/mcuxpressoide_10.0.2_411/ide/tools/bin/../lib/gcc/arm-none-eabi/5.4.1/../../../../arm-none-eabi/lib/armv6-m\libcr_c.a(_cr_check_heap.o)
                0x00002c44                __check_heap_overflow
 .text._do_fflush
                0x00002c58       0x48 c:/nxp/mcuxpressoide_10.0.2_411/ide/tools/bin/../lib/gcc/arm-none-eabi/5.4.1/../../../../arm-none-eabi/lib/armv6-m\libcr_c.a(_do_fflush.o)
                0x00002c58                _do_fflush
 .text.__aeabi_division_idivmod
                0x00002ca0       0x78 c:/nxp/mcuxpressoide_10.0.2_411/ide/tools/bin/../lib/gcc/arm-none-eabi/5.4.1/armv6-m\libcr_eabihelpers.a(division_32.o)
                0x00002ca0                __aeabi_idivmod
                0x00002ca0                __aeabi_idiv
                0x00002ca6                __aeabi_uidivmod
                0x00002ca6                __aeabi_uidiv
 .text.__aeabi_division_idiv0
                0x00002d18        0x2 c:/nxp/mcuxpressoide_10.0.2_411/ide/tools/bin/../lib/gcc/arm-none-eabi/5.4.1/armv6-m\libcr_eabihelpers.a(division_idiv0.o)
                0x00002d18                __aeabi_idiv0
 .text.__aeabi_memset_lowlevel
                0x00002d1a       0x2a c:/nxp/mcuxpressoide_10.0.2_411/ide/tools/bin/../lib/gcc/arm-none-eabi/5.4.1/armv6-m\libcr_eabihelpers.a(memcpy.o)
                0x00002d1a                __aeabi_lowlevel_memset
 .text.__sys_close
                0x00002d44        0xc c:/nxp/mcuxpressoide_10.0.2_411/ide/tools/bin/../lib/gcc/arm-none-eabi/5.4.1/../../../../arm-none-eabi/lib/armv6-m\libcr_semihost_nf.a(__sys_close.o)
                0x00002d44                __sys_close
 .text.__sys_flen
                0x00002d50        0xc c:/nxp/mcuxpressoide_10.0.2_411/ide/tools/bin/../lib/gcc/arm-none-eabi/5.4.1/../../../../arm-none-eabi/lib/armv6-m\libcr_semihost_nf.a(__sys_flen.o)
                0x00002d50                __sys_flen
 .text.__sys_istty
                0x00002d5c        0xc c:/nxp/mcuxpressoide_10.0.2_411/ide/tools/bin/../lib/gcc/arm-none-eabi/5.4.1/../../../../arm-none-eabi/lib/armv6-m\libcr_semihost_nf.a(__sys_istty.o)
                0x00002d5c                __sys_istty
 .text.__sys_remove
                0x00002d68        0xc c:/nxp/mcuxpressoide_10.0.2_411/ide/tools/bin/../lib/gcc/arm-none-eabi/5.4.1/../../../../arm-none-eabi/lib/armv6-m\libcr_semihost_nf.a(__sys_remove.o)
                0x00002d68                __sys_remove
 .text.__sys_seek
                0x00002d74        0xc c:/nxp/mcuxpressoide_10.0.2_411/ide/tools/bin/../lib/gcc/arm-none-eabi/5.4.1/../../../../arm-none-eabi/lib/armv6-m\libcr_semihost_nf.a(__sys_seek.o)
                0x00002d74                __sys_seek
 .text.__sys_tmpnam
                0x00002d80        0xc c:/nxp/mcuxpressoide_10.0.2_411/ide/tools/bin/../lib/gcc/arm-none-eabi/5.4.1/../../../../arm-none-eabi/lib/armv6-m\libcr_semihost_nf.a(__sys_tmpnam.o)
                0x00002d80                __sys_tmpnam
 .text.__sys_write
                0x00002d8c        0xc c:/nxp/mcuxpressoide_10.0.2_411/ide/tools/bin/../lib/gcc/arm-none-eabi/5.4.1/../../../../arm-none-eabi/lib/armv6-m\libcr_semihost_nf.a(__sys_write.o)
                0x00002d8c                __sys_write
 *(.rodata .rodata.* .constdata .constdata.*)
 .rodata.wfa    0x00002d98       0x10 ./source/LCD.o
                0x00002d98                wfa
 .rodata.wfb    0x00002da8       0x10 ./source/LCD.o
                0x00002da8                wfb
 .rodata.mcgConfig_BOARD_BootClockRUN
                0x00002db8        0xa ./frdmkl46z/clock_config.o
                0x00002db8                mcgConfig_BOARD_BootClockRUN
 *fill*         0x00002dc2        0x2 ff
 .rodata.simConfig_BOARD_BootClockRUN
                0x00002dc4        0x8 ./frdmkl46z/clock_config.o
                0x00002dc4                simConfig_BOARD_BootClockRUN
 .rodata.oscConfig_BOARD_BootClockRUN
                0x00002dcc        0x8 ./frdmkl46z/clock_config.o
                0x00002dcc                oscConfig_BOARD_BootClockRUN
 .rodata        0x00002dd4      0x11d ./drivers/fsl_clock.o
 *fill*         0x00002ef1        0x3 ff
 .rodata.fllFactorTable.5295
                0x00002ef4       0x10 ./drivers/fsl_clock.o
 .rodata        0x00002f04      0x48c ./drivers/fsl_lpsci.o
 .rodata.s_uartBases
                0x00003390        0xc ./drivers/fsl_uart.o
 .rodata.s_uartClock
                0x0000339c        0xc ./drivers/fsl_uart.o
 .rodata        0x000033a8      0x45b ./drivers/fsl_uart.o
 .rodata.str1.1
                0x00003803       0x15 c:/nxp/mcuxpressoide_10.0.2_411/ide/tools/bin/../lib/gcc/arm-none-eabi/5.4.1/../../../../arm-none-eabi/lib/armv6-m\libcr_semihost_nf.a(_cr_assert.o)
 .rodata.__num_Ciob_streams
                0x00003818        0x4 c:/nxp/mcuxpressoide_10.0.2_411/ide/tools/bin/../lib/gcc/arm-none-eabi/5.4.1/../../../../arm-none-eabi/lib/armv6-m\libcr_semihost_nf.a(__ciob.o)
                0x00003818                __num_Ciob_streams
 .rodata.str1.1
                0x0000381c       0x18 c:/nxp/mcuxpressoide_10.0.2_411/ide/tools/bin/../lib/gcc/arm-none-eabi/5.4.1/../../../../arm-none-eabi/lib/armv6-m\libcr_c.a(alloc.o)
 .rodata.str1.1
                0x00003834        0x4 c:/nxp/mcuxpressoide_10.0.2_411/ide/tools/bin/../lib/gcc/arm-none-eabi/5.4.1/../../../../arm-none-eabi/lib/armv6-m\libcr_c.a(initio.o)
                0x00003838                . = ALIGN (0x4)

.glue_7         0x00003838        0x0
 .glue_7        0x00003838        0x0 linker stubs

.glue_7t        0x00003838        0x0
 .glue_7t       0x00003838        0x0 linker stubs

.vfp11_veneer   0x00003838        0x0
 .vfp11_veneer  0x00003838        0x0 linker stubs

.v4_bx          0x00003838        0x0
 .v4_bx         0x00003838        0x0 linker stubs

.iplt           0x00003838        0x0
 .iplt          0x00003838        0x0 ./utilities/fsl_debug_console.o

.rel.dyn        0x00003838        0x0
 .rel.iplt      0x00003838        0x0 ./utilities/fsl_debug_console.o

.ARM.extab
 *(.ARM.extab* .gnu.linkonce.armextab.*)
                0x00003838                __exidx_start = .

.ARM.exidx
 *(.ARM.exidx* .gnu.linkonce.armexidx.*)
                0x00003838                __exidx_end = .
                0x00003838                _etext = .

.m_usb_data
 *(m_usb_bdt)

.mtb_buffer_default
                0x1fffe000       0x80
 *(.mtb*)
 .mtb.$RAM1     0x1fffe000       0x80 ./source/mtb.o
                0x1fffe000                __mtb_buffer__

.uninit_RESERVED
                0x1fffe080        0x0
 *(.bss.$RESERVED*)
                0x1fffe080                . = ALIGN (0x4)
                0x1fffe080                _end_uninit_RESERVED = .

.data           0x1fffe080       0x14 load address 0x00003838
 FILL mask 0xff
                0x1fffe080                _data = .
 *(vtable)
 *(.ramfunc*)
 *(.data*)
 .data.k        0x1fffe080        0x4 ./source/Robot.o
                0x1fffe080                k
 .data.n        0x1fffe084        0x4 ./source/camera.o
                0x1fffe084                n
 .data.itime    0x1fffe088        0x4 ./source/camera.o
                0x1fffe088                itime
 .data.s_slowIrcFreq
                0x1fffe08c        0x4 ./drivers/fsl_clock.o
 .data.SystemCoreClock
                0x1fffe090        0x4 ./CMSIS/system_MKL46Z4.o
                0x1fffe090                SystemCoreClock
                0x1fffe094                . = ALIGN (0x4)
                0x1fffe094                _edata = .

.igot.plt       0x1fffe094        0x0 load address 0x0000384c
 .igot.plt      0x1fffe094        0x0 ./utilities/fsl_debug_console.o

.bss            0x1fffe094      0x144 load address 0x0000384c
                0x1fffe094                _bss = .
 *(.bss*)
 .bss.s_debugConsole
                0x1fffe094       0x10 ./utilities/fsl_debug_console.o
 .bss.left      0x1fffe0a4        0x1 ./source/Robot.o
                0x1fffe0a4                left
 .bss.right     0x1fffe0a5        0x1 ./source/Robot.o
                0x1fffe0a5                right
 .bss.dist      0x1fffe0a6        0x1 ./source/Robot.o
                0x1fffe0a6                dist
 *fill*         0x1fffe0a7        0x1 
 .bss.lturn     0x1fffe0a8        0x4 ./source/Robot.o
                0x1fffe0a8                lturn
 .bss.rturn     0x1fffe0ac        0x4 ./source/Robot.o
                0x1fffe0ac                rturn
 .bss.CCD       0x1fffe0b0       0x40 ./source/camera.o
                0x1fffe0b0                CCD
 .bss.maxVal    0x1fffe0f0        0x4 ./source/camera.o
                0x1fffe0f0                maxVal
 .bss.voltage_l
                0x1fffe0f4        0x4 ./source/collision.o
                0x1fffe0f4                voltage_l
 .bss.voltage_r
                0x1fffe0f8        0x4 ./source/collision.o
                0x1fffe0f8                voltage_r
 .bss.g_xtal0Freq
                0x1fffe0fc        0x4 ./drivers/fsl_clock.o
                0x1fffe0fc                g_xtal0Freq
 .bss.s_lpsciHandle
                0x1fffe100        0x4 ./drivers/fsl_lpsci.o
 .bss.s_lpsciIsr
                0x1fffe104        0x4 ./drivers/fsl_lpsci.o
 .bss.s_uartHandle
                0x1fffe108        0xc ./drivers/fsl_uart.o
 .bss.s_uartIsr
                0x1fffe114        0x4 ./drivers/fsl_uart.o
 .bss.__Ciob    0x1fffe118       0xb4 c:/nxp/mcuxpressoide_10.0.2_411/ide/tools/bin/../lib/gcc/arm-none-eabi/5.4.1/../../../../arm-none-eabi/lib/armv6-m\libcr_semihost_nf.a(__ciob.o)
                0x1fffe118                __Ciob
 .bss.__heaps   0x1fffe1cc        0x4 c:/nxp/mcuxpressoide_10.0.2_411/ide/tools/bin/../lib/gcc/arm-none-eabi/5.4.1/../../../../arm-none-eabi/lib/armv6-m\libcr_c.a(__init_alloc.o)
                0x1fffe1cc                __heaps
 .bss.__end_of_heap
                0x1fffe1d0        0x4 c:/nxp/mcuxpressoide_10.0.2_411/ide/tools/bin/../lib/gcc/arm-none-eabi/5.4.1/../../../../arm-none-eabi/lib/armv6-m\libcr_c.a(__init_alloc.o)
                0x1fffe1d0                __end_of_heap
 .bss.errno     0x1fffe1d4        0x4 c:/nxp/mcuxpressoide_10.0.2_411/ide/tools/bin/../lib/gcc/arm-none-eabi/5.4.1/../../../../arm-none-eabi/lib/armv6-m\libcr_c.a(errno.o)
                0x1fffe1d4                errno
 *(COMMON)
                0x1fffe1d8                . = ALIGN (0x4)
                0x1fffe1d8                _ebss = .
                [!provide]                PROVIDE (end, .)

.noinit         0x1fffe1d8        0x0 load address 0x0000384c
                0x1fffe1d8                _noinit = .
 *(.noinit*)
                0x1fffe1d8                . = ALIGN (0x4)
                0x1fffe1d8                _end_noinit = .

.heap           0x1fffe1d8      0x800 load address 0x0000384c
                0x1fffe1d8                _pvHeapStart = .
                0x1fffe9d8                . = (. + 0x800)
 *fill*         0x1fffe1d8      0x800 
                0x1fffe9d8                . = ALIGN (0x4)
                0x1fffe9d8                _pvHeapLimit = .

.heap2stackfill
                0x1fffe9d8      0x800 load address 0x0000384c
                0x1ffff1d8                . = (. + 0x800)
 *fill*         0x1fffe9d8      0x800 

.stack          0x20005800        0x0
                0x20005800                _vStackBase = .
                0x20005800                . = ALIGN (0x4)
                0x20006000                _vStackTop = (. + 0x800)
OUTPUT(Robot.axf elf32-littlearm)

.debug_info     0x00000000     0x8059
 .debug_info    0x00000000      0x807 ./utilities/fsl_debug_console.o
 .debug_info    0x00000807      0x49f ./startup/startup_mkl46z4.o
 .debug_info    0x00000ca6      0x46f ./source/ADC.o
 .debug_info    0x00001115      0x43c ./source/LCD.o
 .debug_info    0x00001551      0x391 ./source/LED.o
 .debug_info    0x000018e2      0x4bb ./source/PWM.o
 .debug_info    0x00001d9d      0x2ec ./source/Robot.o
 .debug_info    0x00002089      0x54b ./source/camera.o
 .debug_info    0x000025d4      0x33a ./source/collision.o
 .debug_info    0x0000290e       0xac ./source/delay.o
 .debug_info    0x000029ba       0x51 ./source/mtb.o
 .debug_info    0x00002a0b      0x38b ./frdmkl46z/board.o
 .debug_info    0x00002d96      0xa17 ./frdmkl46z/clock_config.o
 .debug_info    0x000037ad      0x545 ./frdmkl46z/pin_mux.o
 .debug_info    0x00003cf2     0x1918 ./drivers/fsl_clock.o
 .debug_info    0x0000560a     0x136e ./drivers/fsl_lpsci.o
 .debug_info    0x00006978     0x1318 ./drivers/fsl_uart.o
 .debug_info    0x00007c90      0x3c9 ./CMSIS/system_MKL46Z4.o

.debug_abbrev   0x00000000     0x192f
 .debug_abbrev  0x00000000      0x1ac ./utilities/fsl_debug_console.o
 .debug_abbrev  0x000001ac      0x131 ./startup/startup_mkl46z4.o
 .debug_abbrev  0x000002dd      0x121 ./source/ADC.o
 .debug_abbrev  0x000003fe      0x162 ./source/LCD.o
 .debug_abbrev  0x00000560       0xf6 ./source/LED.o
 .debug_abbrev  0x00000656      0x128 ./source/PWM.o
 .debug_abbrev  0x0000077e       0xed ./source/Robot.o
 .debug_abbrev  0x0000086b      0x180 ./source/camera.o
 .debug_abbrev  0x000009eb       0xfa ./source/collision.o
 .debug_abbrev  0x00000ae5       0x65 ./source/delay.o
 .debug_abbrev  0x00000b4a       0x41 ./source/mtb.o
 .debug_abbrev  0x00000b8b      0x118 ./frdmkl46z/board.o
 .debug_abbrev  0x00000ca3      0x1db ./frdmkl46z/clock_config.o
 .debug_abbrev  0x00000e7e      0x162 ./frdmkl46z/pin_mux.o
 .debug_abbrev  0x00000fe0      0x302 ./drivers/fsl_clock.o
 .debug_abbrev  0x000012e2      0x296 ./drivers/fsl_lpsci.o
 .debug_abbrev  0x00001578      0x2ae ./drivers/fsl_uart.o
 .debug_abbrev  0x00001826      0x109 ./CMSIS/system_MKL46Z4.o

.debug_aranges  0x00000000      0x848
 .debug_aranges
                0x00000000       0x48 ./utilities/fsl_debug_console.o
 .debug_aranges
                0x00000048      0x160 ./startup/startup_mkl46z4.o
 .debug_aranges
                0x000001a8       0x30 ./source/ADC.o
 .debug_aranges
                0x000001d8       0x38 ./source/LCD.o
 .debug_aranges
                0x00000210       0x28 ./source/LED.o
 .debug_aranges
                0x00000238       0x40 ./source/PWM.o
 .debug_aranges
                0x00000278       0x28 ./source/Robot.o
 .debug_aranges
                0x000002a0       0x48 ./source/camera.o
 .debug_aranges
                0x000002e8       0x28 ./source/collision.o
 .debug_aranges
                0x00000310       0x20 ./source/delay.o
 .debug_aranges
                0x00000330       0x18 ./source/mtb.o
 .debug_aranges
                0x00000348       0x28 ./frdmkl46z/board.o
 .debug_aranges
                0x00000370       0x58 ./frdmkl46z/clock_config.o
 .debug_aranges
                0x000003c8       0x38 ./frdmkl46z/pin_mux.o
 .debug_aranges
                0x00000400      0x1d8 ./drivers/fsl_clock.o
 .debug_aranges
                0x000005d8      0x118 ./drivers/fsl_lpsci.o
 .debug_aranges
                0x000006f0      0x130 ./drivers/fsl_uart.o
 .debug_aranges
                0x00000820       0x28 ./CMSIS/system_MKL46Z4.o

.debug_ranges   0x00000000      0x720
 .debug_ranges  0x00000000       0x38 ./utilities/fsl_debug_console.o
 .debug_ranges  0x00000038      0x150 ./startup/startup_mkl46z4.o
 .debug_ranges  0x00000188       0x20 ./source/ADC.o
 .debug_ranges  0x000001a8       0x28 ./source/LCD.o
 .debug_ranges  0x000001d0       0x18 ./source/LED.o
 .debug_ranges  0x000001e8       0x30 ./source/PWM.o
 .debug_ranges  0x00000218       0x18 ./source/Robot.o
 .debug_ranges  0x00000230       0x38 ./source/camera.o
 .debug_ranges  0x00000268       0x18 ./source/collision.o
 .debug_ranges  0x00000280       0x10 ./source/delay.o
 .debug_ranges  0x00000290       0x18 ./frdmkl46z/board.o
 .debug_ranges  0x000002a8       0x48 ./frdmkl46z/clock_config.o
 .debug_ranges  0x000002f0       0x28 ./frdmkl46z/pin_mux.o
 .debug_ranges  0x00000318      0x1c8 ./drivers/fsl_clock.o
 .debug_ranges  0x000004e0      0x108 ./drivers/fsl_lpsci.o
 .debug_ranges  0x000005e8      0x120 ./drivers/fsl_uart.o
 .debug_ranges  0x00000708       0x18 ./CMSIS/system_MKL46Z4.o

.debug_macro    0x00000000     0xc49a
 .debug_macro   0x00000000      0x13a ./utilities/fsl_debug_console.o
 .debug_macro   0x0000013a      0x85c ./utilities/fsl_debug_console.o
 .debug_macro   0x00000996       0x10 ./utilities/fsl_debug_console.o
 .debug_macro   0x000009a6       0x16 ./utilities/fsl_debug_console.o
 .debug_macro   0x000009bc       0x10 ./utilities/fsl_debug_console.o
 .debug_macro   0x000009cc      0x12d ./utilities/fsl_debug_console.o
 .debug_macro   0x00000af9       0x28 ./utilities/fsl_debug_console.o
 .debug_macro   0x00000b21       0xc4 ./utilities/fsl_debug_console.o
 .debug_macro   0x00000be5       0x16 ./utilities/fsl_debug_console.o
 .debug_macro   0x00000bfb       0x22 ./utilities/fsl_debug_console.o
 .debug_macro   0x00000c1d      0x5b2 ./utilities/fsl_debug_console.o
 .debug_macro   0x000011cf       0x10 ./utilities/fsl_debug_console.o
 .debug_macro   0x000011df       0x3f ./utilities/fsl_debug_console.o
 .debug_macro   0x0000121e       0x3a ./utilities/fsl_debug_console.o
 .debug_macro   0x00001258       0x26 ./utilities/fsl_debug_console.o
 .debug_macro   0x0000127e      0x329 ./utilities/fsl_debug_console.o
 .debug_macro   0x000015a7       0x36 ./utilities/fsl_debug_console.o
 .debug_macro   0x000015dd     0x87f8 ./utilities/fsl_debug_console.o
 .debug_macro   0x00009dd5     0x142a ./utilities/fsl_debug_console.o
 .debug_macro   0x0000b1ff       0x3a ./utilities/fsl_debug_console.o
 .debug_macro   0x0000b239      0x109 ./utilities/fsl_debug_console.o
 .debug_macro   0x0000b342       0x35 ./utilities/fsl_debug_console.o
 .debug_macro   0x0000b377       0xd2 ./utilities/fsl_debug_console.o
 .debug_macro   0x0000b449       0x34 ./utilities/fsl_debug_console.o
 .debug_macro   0x0000b47d       0x10 ./utilities/fsl_debug_console.o
 .debug_macro   0x0000b48d       0x10 ./utilities/fsl_debug_console.o
 .debug_macro   0x0000b49d       0x29 ./startup/startup_mkl46z4.o
 .debug_macro   0x0000b4c6       0x88 ./source/ADC.o
 .debug_macro   0x0000b54e       0x34 ./source/ADC.o
 .debug_macro   0x0000b582       0x9b ./source/LCD.o
 .debug_macro   0x0000b61d       0xd8 ./source/LCD.o
 .debug_macro   0x0000b6f5       0x88 ./source/LED.o
 .debug_macro   0x0000b77d       0x88 ./source/PWM.o
 .debug_macro   0x0000b805      0x144 ./source/Robot.o
 .debug_macro   0x0000b949       0x16 ./source/Robot.o
 .debug_macro   0x0000b95f       0x10 ./source/Robot.o
 .debug_macro   0x0000b96f       0xfa ./source/Robot.o
 .debug_macro   0x0000ba69       0xae ./source/camera.o
 .debug_macro   0x0000bb17       0x8c ./source/collision.o
 .debug_macro   0x0000bba3       0x88 ./source/delay.o
 .debug_macro   0x0000bc2b       0x2f ./source/mtb.o
 .debug_macro   0x0000bc5a       0x82 ./source/mtb.o
 .debug_macro   0x0000bcdc       0x10 ./source/mtb.o
 .debug_macro   0x0000bcec      0x12e ./frdmkl46z/board.o
 .debug_macro   0x0000be1a       0x10 ./frdmkl46z/board.o
 .debug_macro   0x0000be2a       0x1c ./frdmkl46z/board.o
 .debug_macro   0x0000be46      0x123 ./frdmkl46z/clock_config.o
 .debug_macro   0x0000bf69       0x1c ./frdmkl46z/clock_config.o
 .debug_macro   0x0000bf85      0x107 ./frdmkl46z/pin_mux.o
 .debug_macro   0x0000c08c      0x19c ./drivers/fsl_clock.o
 .debug_macro   0x0000c228       0xec ./drivers/fsl_lpsci.o
 .debug_macro   0x0000c314       0xf2 ./drivers/fsl_uart.o
 .debug_macro   0x0000c406       0x94 ./CMSIS/system_MKL46Z4.o

.debug_line     0x00000000     0x374d
 .debug_line    0x00000000      0x322 ./utilities/fsl_debug_console.o
 .debug_line    0x00000322      0x128 ./startup/startup_mkl46z4.o
 .debug_line    0x0000044a      0x1af ./source/ADC.o
 .debug_line    0x000005f9      0x1d8 ./source/LCD.o
 .debug_line    0x000007d1      0x1a4 ./source/LED.o
 .debug_line    0x00000975      0x1dd ./source/PWM.o
 .debug_line    0x00000b52      0x36e ./source/Robot.o
 .debug_line    0x00000ec0      0x2c2 ./source/camera.o
 .debug_line    0x00001182      0x1af ./source/collision.o
 .debug_line    0x00001331      0x18d ./source/delay.o
 .debug_line    0x000014be       0x95 ./source/mtb.o
 .debug_line    0x00001553      0x2b9 ./frdmkl46z/board.o
 .debug_line    0x0000180c      0x2e5 ./frdmkl46z/clock_config.o
 .debug_line    0x00001af1      0x280 ./frdmkl46z/pin_mux.o
 .debug_line    0x00001d71      0x983 ./drivers/fsl_clock.o
 .debug_line    0x000026f4      0x737 ./drivers/fsl_lpsci.o
 .debug_line    0x00002e2b      0x73a ./drivers/fsl_uart.o
 .debug_line    0x00003565      0x1e8 ./CMSIS/system_MKL46Z4.o

.debug_str      0x00000000    0x4f0c9
 .debug_str     0x00000000    0x4aa2f ./utilities/fsl_debug_console.o
                              0x4ac6c (size before relaxing)
 .debug_str     0x0004aa2f      0x3e7 ./startup/startup_mkl46z4.o
                               0x27ee (size before relaxing)
 .debug_str     0x0004ae16      0x15a ./source/ADC.o
                              0x41e51 (size before relaxing)
 .debug_str     0x0004af70       0x5c ./source/LCD.o
                              0x420f7 (size before relaxing)
 .debug_str     0x0004afcc       0x5c ./source/LED.o
                              0x41e1f (size before relaxing)
 .debug_str     0x0004b028       0x5f ./source/PWM.o
                              0x41e65 (size before relaxing)
 .debug_str     0x0004b087      0x83f ./source/Robot.o
                              0x4a97d (size before relaxing)
 .debug_str     0x0004b8c6       0x9f ./source/camera.o
                              0x41eb6 (size before relaxing)
 .debug_str     0x0004b965       0x4a ./source/collision.o
                              0x41e28 (size before relaxing)
 .debug_str     0x0004b9af       0x18 ./source/delay.o
                              0x41d06 (size before relaxing)
 .debug_str     0x0004b9c7      0x532 ./source/mtb.o
                               0x2908 (size before relaxing)
 .debug_str     0x0004bef9       0x8e ./frdmkl46z/board.o
                              0x4a6c2 (size before relaxing)
 .debug_str     0x0004bf87      0x71b ./frdmkl46z/clock_config.o
                              0x4a736 (size before relaxing)
 .debug_str     0x0004c6a2      0x351 ./frdmkl46z/pin_mux.o
                              0x49ea2 (size before relaxing)
 .debug_str     0x0004c9f3     0x12e6 ./drivers/fsl_clock.o
                              0x4b85c (size before relaxing)
 .debug_str     0x0004dcd9      0xb6f ./drivers/fsl_lpsci.o
                              0x4ae0e (size before relaxing)
 .debug_str     0x0004e848      0x832 ./drivers/fsl_uart.o
                              0x4ae31 (size before relaxing)
 .debug_str     0x0004f07a       0x4f ./CMSIS/system_MKL46Z4.o
                              0x49120 (size before relaxing)

.comment        0x00000000       0x6e
 .comment       0x00000000       0x6e ./utilities/fsl_debug_console.o
                                 0x6f (size before relaxing)
 .comment       0x0000006e       0x6f ./startup/startup_mkl46z4.o
 .comment       0x0000006e       0x6f ./source/ADC.o
 .comment       0x0000006e       0x6f ./source/LCD.o
 .comment       0x0000006e       0x6f ./source/LED.o
 .comment       0x0000006e       0x6f ./source/PWM.o
 .comment       0x0000006e       0x6f ./source/Robot.o
 .comment       0x0000006e       0x6f ./source/camera.o
 .comment       0x0000006e       0x6f ./source/collision.o
 .comment       0x0000006e       0x6f ./source/delay.o
 .comment       0x0000006e       0x6f ./source/mtb.o
 .comment       0x0000006e       0x6f ./frdmkl46z/board.o
 .comment       0x0000006e       0x6f ./frdmkl46z/clock_config.o
 .comment       0x0000006e       0x6f ./frdmkl46z/pin_mux.o
 .comment       0x0000006e       0x6f ./drivers/fsl_clock.o
 .comment       0x0000006e       0x6f ./drivers/fsl_lpsci.o
 .comment       0x0000006e       0x6f ./drivers/fsl_uart.o
 .comment       0x0000006e       0x6f ./CMSIS/system_MKL46Z4.o
 .comment       0x0000006e       0x6f c:/nxp/mcuxpressoide_10.0.2_411/ide/tools/bin/../lib/gcc/arm-none-eabi/5.4.1/../../../../arm-none-eabi/lib/armv6-m\libcr_semihost_nf.a(_cr__main.o)
 .comment       0x0000006e       0x6f c:/nxp/mcuxpressoide_10.0.2_411/ide/tools/bin/../lib/gcc/arm-none-eabi/5.4.1/../../../../arm-none-eabi/lib/armv6-m\libcr_semihost_nf.a(_cr_assert.o)
 .comment       0x0000006e       0x6f c:/nxp/mcuxpressoide_10.0.2_411/ide/tools/bin/../lib/gcc/arm-none-eabi/5.4.1/../../../../arm-none-eabi/lib/armv6-m\libcr_semihost_nf.a(__ciob.o)
 .comment       0x0000006e       0x6f c:/nxp/mcuxpressoide_10.0.2_411/ide/tools/bin/../lib/gcc/arm-none-eabi/5.4.1/../../../../arm-none-eabi/lib/armv6-m\libcr_c.a(memset.o)
 .comment       0x0000006e       0x6f c:/nxp/mcuxpressoide_10.0.2_411/ide/tools/bin/../lib/gcc/arm-none-eabi/5.4.1/../../../../arm-none-eabi/lib/armv6-m\libcr_c.a(_deferredlazyseek.o)
 .comment       0x0000006e       0x6f c:/nxp/mcuxpressoide_10.0.2_411/ide/tools/bin/../lib/gcc/arm-none-eabi/5.4.1/../../../../arm-none-eabi/lib/armv6-m\libcr_c.a(_fflush.o)
 .comment       0x0000006e       0x6f c:/nxp/mcuxpressoide_10.0.2_411/ide/tools/bin/../lib/gcc/arm-none-eabi/5.4.1/../../../../arm-none-eabi/lib/armv6-m\libcr_c.a(_writebuf.o)
 .comment       0x0000006e       0x6f c:/nxp/mcuxpressoide_10.0.2_411/ide/tools/bin/../lib/gcc/arm-none-eabi/5.4.1/../../../../arm-none-eabi/lib/armv6-m\libcr_c.a(alloc.o)
 .comment       0x0000006e       0x6f c:/nxp/mcuxpressoide_10.0.2_411/ide/tools/bin/../lib/gcc/arm-none-eabi/5.4.1/../../../../arm-none-eabi/lib/armv6-m\libcr_c.a(fputs.o)
 .comment       0x0000006e       0x6f c:/nxp/mcuxpressoide_10.0.2_411/ide/tools/bin/../lib/gcc/arm-none-eabi/5.4.1/../../../../arm-none-eabi/lib/armv6-m\libcr_c.a(fseek.o)
 .comment       0x0000006e       0x6f c:/nxp/mcuxpressoide_10.0.2_411/ide/tools/bin/../lib/gcc/arm-none-eabi/5.4.1/../../../../arm-none-eabi/lib/armv6-m\libcr_c.a(ftell.o)
 .comment       0x0000006e       0x6f c:/nxp/mcuxpressoide_10.0.2_411/ide/tools/bin/../lib/gcc/arm-none-eabi/5.4.1/../../../../arm-none-eabi/lib/armv6-m\libcr_c.a(initio.o)
 .comment       0x0000006e       0x6f c:/nxp/mcuxpressoide_10.0.2_411/ide/tools/bin/../lib/gcc/arm-none-eabi/5.4.1/../../../../arm-none-eabi/lib/armv6-m\libcr_c.a(setvbuf.o)
 .comment       0x0000006e       0x6f c:/nxp/mcuxpressoide_10.0.2_411/ide/tools/bin/../lib/gcc/arm-none-eabi/5.4.1/../../../../arm-none-eabi/lib/armv6-m\libcr_c.a(__init_alloc.o)
 .comment       0x0000006e       0x6f c:/nxp/mcuxpressoide_10.0.2_411/ide/tools/bin/../lib/gcc/arm-none-eabi/5.4.1/../../../../arm-none-eabi/lib/armv6-m\libcr_c.a(_cr_sbrk.o)
 .comment       0x0000006e       0x6f c:/nxp/mcuxpressoide_10.0.2_411/ide/tools/bin/../lib/gcc/arm-none-eabi/5.4.1/../../../../arm-none-eabi/lib/armv6-m\libcr_c.a(_fdopen.o)
 .comment       0x0000006e       0x6f c:/nxp/mcuxpressoide_10.0.2_411/ide/tools/bin/../lib/gcc/arm-none-eabi/5.4.1/../../../../arm-none-eabi/lib/armv6-m\libcr_c.a(errno.o)
 .comment       0x0000006e       0x6f c:/nxp/mcuxpressoide_10.0.2_411/ide/tools/bin/../lib/gcc/arm-none-eabi/5.4.1/../../../../arm-none-eabi/lib/armv6-m\libcr_c.a(fclose.o)
 .comment       0x0000006e       0x6f c:/nxp/mcuxpressoide_10.0.2_411/ide/tools/bin/../lib/gcc/arm-none-eabi/5.4.1/../../../../arm-none-eabi/lib/armv6-m\libcr_c.a(fflush.o)
 .comment       0x0000006e       0x6f c:/nxp/mcuxpressoide_10.0.2_411/ide/tools/bin/../lib/gcc/arm-none-eabi/5.4.1/../../../../arm-none-eabi/lib/armv6-m\libcr_c.a(remove.o)
 .comment       0x0000006e       0x6f c:/nxp/mcuxpressoide_10.0.2_411/ide/tools/bin/../lib/gcc/arm-none-eabi/5.4.1/../../../../arm-none-eabi/lib/armv6-m\libcr_c.a(strlen.o)
 .comment       0x0000006e       0x6f c:/nxp/mcuxpressoide_10.0.2_411/ide/tools/bin/../lib/gcc/arm-none-eabi/5.4.1/../../../../arm-none-eabi/lib/armv6-m\libcr_c.a(_cr_check_heap.o)
 .comment       0x0000006e       0x6f c:/nxp/mcuxpressoide_10.0.2_411/ide/tools/bin/../lib/gcc/arm-none-eabi/5.4.1/../../../../arm-none-eabi/lib/armv6-m\libcr_c.a(_do_fflush.o)

.ARM.attributes
                0x00000000       0x30
 .ARM.attributes
                0x00000000       0x32 ./utilities/fsl_debug_console.o
 .ARM.attributes
                0x00000032       0x32 ./startup/startup_mkl46z4.o
 .ARM.attributes
                0x00000064       0x32 ./source/ADC.o
 .ARM.attributes
                0x00000096       0x32 ./source/LCD.o
 .ARM.attributes
                0x000000c8       0x32 ./source/LED.o
 .ARM.attributes
                0x000000fa       0x32 ./source/PWM.o
 .ARM.attributes
                0x0000012c       0x32 ./source/Robot.o
 .ARM.attributes
                0x0000015e       0x32 ./source/camera.o
 .ARM.attributes
                0x00000190       0x32 ./source/collision.o
 .ARM.attributes
                0x000001c2       0x32 ./source/delay.o
 .ARM.attributes
                0x000001f4       0x32 ./source/mtb.o
 .ARM.attributes
                0x00000226       0x32 ./frdmkl46z/board.o
 .ARM.attributes
                0x00000258       0x32 ./frdmkl46z/clock_config.o
 .ARM.attributes
                0x0000028a       0x32 ./frdmkl46z/pin_mux.o
 .ARM.attributes
                0x000002bc       0x32 ./drivers/fsl_clock.o
 .ARM.attributes
                0x000002ee       0x32 ./drivers/fsl_lpsci.o
 .ARM.attributes
                0x00000320       0x32 ./drivers/fsl_uart.o
 .ARM.attributes
                0x00000352       0x32 ./CMSIS/system_MKL46Z4.o
 .ARM.attributes
                0x00000384       0x31 c:/nxp/mcuxpressoide_10.0.2_411/ide/tools/bin/../lib/gcc/arm-none-eabi/5.4.1/../../../../arm-none-eabi/lib/armv6-m\libcr_semihost_nf.a(_cr__main.o)
 .ARM.attributes
                0x000003b5       0x31 c:/nxp/mcuxpressoide_10.0.2_411/ide/tools/bin/../lib/gcc/arm-none-eabi/5.4.1/../../../../arm-none-eabi/lib/armv6-m\libcr_semihost_nf.a(_cr_assert.o)
 .ARM.attributes
                0x000003e6       0x31 c:/nxp/mcuxpressoide_10.0.2_411/ide/tools/bin/../lib/gcc/arm-none-eabi/5.4.1/../../../../arm-none-eabi/lib/armv6-m\libcr_semihost_nf.a(__ciob.o)
 .ARM.attributes
                0x00000417       0x21 c:/nxp/mcuxpressoide_10.0.2_411/ide/tools/bin/../lib/gcc/arm-none-eabi/5.4.1/../../../../arm-none-eabi/lib/armv6-m\libcr_semihost_nf.a(__sys_appexit.o)
 .ARM.attributes
                0x00000438       0x31 c:/nxp/mcuxpressoide_10.0.2_411/ide/tools/bin/../lib/gcc/arm-none-eabi/5.4.1/../../../../arm-none-eabi/lib/armv6-m\libcr_c.a(memset.o)
 .ARM.attributes
                0x00000469       0x31 c:/nxp/mcuxpressoide_10.0.2_411/ide/tools/bin/../lib/gcc/arm-none-eabi/5.4.1/../../../../arm-none-eabi/lib/armv6-m\libcr_c.a(_deferredlazyseek.o)
 .ARM.attributes
                0x0000049a       0x31 c:/nxp/mcuxpressoide_10.0.2_411/ide/tools/bin/../lib/gcc/arm-none-eabi/5.4.1/../../../../arm-none-eabi/lib/armv6-m\libcr_c.a(_fflush.o)
 .ARM.attributes
                0x000004cb       0x31 c:/nxp/mcuxpressoide_10.0.2_411/ide/tools/bin/../lib/gcc/arm-none-eabi/5.4.1/../../../../arm-none-eabi/lib/armv6-m\libcr_c.a(_writebuf.o)
 .ARM.attributes
                0x000004fc       0x31 c:/nxp/mcuxpressoide_10.0.2_411/ide/tools/bin/../lib/gcc/arm-none-eabi/5.4.1/../../../../arm-none-eabi/lib/armv6-m\libcr_c.a(alloc.o)
 .ARM.attributes
                0x0000052d       0x31 c:/nxp/mcuxpressoide_10.0.2_411/ide/tools/bin/../lib/gcc/arm-none-eabi/5.4.1/../../../../arm-none-eabi/lib/armv6-m\libcr_c.a(fputs.o)
 .ARM.attributes
                0x0000055e       0x31 c:/nxp/mcuxpressoide_10.0.2_411/ide/tools/bin/../lib/gcc/arm-none-eabi/5.4.1/../../../../arm-none-eabi/lib/armv6-m\libcr_c.a(fseek.o)
 .ARM.attributes
                0x0000058f       0x31 c:/nxp/mcuxpressoide_10.0.2_411/ide/tools/bin/../lib/gcc/arm-none-eabi/5.4.1/../../../../arm-none-eabi/lib/armv6-m\libcr_c.a(ftell.o)
 .ARM.attributes
                0x000005c0       0x31 c:/nxp/mcuxpressoide_10.0.2_411/ide/tools/bin/../lib/gcc/arm-none-eabi/5.4.1/../../../../arm-none-eabi/lib/armv6-m\libcr_c.a(initio.o)
 .ARM.attributes
                0x000005f1       0x31 c:/nxp/mcuxpressoide_10.0.2_411/ide/tools/bin/../lib/gcc/arm-none-eabi/5.4.1/../../../../arm-none-eabi/lib/armv6-m\libcr_c.a(setvbuf.o)
 .ARM.attributes
                0x00000622       0x31 c:/nxp/mcuxpressoide_10.0.2_411/ide/tools/bin/../lib/gcc/arm-none-eabi/5.4.1/../../../../arm-none-eabi/lib/armv6-m\libcr_c.a(__init_alloc.o)
 .ARM.attributes
                0x00000653       0x31 c:/nxp/mcuxpressoide_10.0.2_411/ide/tools/bin/../lib/gcc/arm-none-eabi/5.4.1/../../../../arm-none-eabi/lib/armv6-m\libcr_c.a(_cr_sbrk.o)
 .ARM.attributes
                0x00000684       0x31 c:/nxp/mcuxpressoide_10.0.2_411/ide/tools/bin/../lib/gcc/arm-none-eabi/5.4.1/../../../../arm-none-eabi/lib/armv6-m\libcr_c.a(_fdopen.o)
 .ARM.attributes
                0x000006b5       0x31 c:/nxp/mcuxpressoide_10.0.2_411/ide/tools/bin/../lib/gcc/arm-none-eabi/5.4.1/../../../../arm-none-eabi/lib/armv6-m\libcr_c.a(errno.o)
 .ARM.attributes
                0x000006e6       0x31 c:/nxp/mcuxpressoide_10.0.2_411/ide/tools/bin/../lib/gcc/arm-none-eabi/5.4.1/../../../../arm-none-eabi/lib/armv6-m\libcr_c.a(fclose.o)
 .ARM.attributes
                0x00000717       0x31 c:/nxp/mcuxpressoide_10.0.2_411/ide/tools/bin/../lib/gcc/arm-none-eabi/5.4.1/../../../../arm-none-eabi/lib/armv6-m\libcr_c.a(fflush.o)
 .ARM.attributes
                0x00000748       0x31 c:/nxp/mcuxpressoide_10.0.2_411/ide/tools/bin/../lib/gcc/arm-none-eabi/5.4.1/../../../../arm-none-eabi/lib/armv6-m\libcr_c.a(remove.o)
 .ARM.attributes
                0x00000779       0x31 c:/nxp/mcuxpressoide_10.0.2_411/ide/tools/bin/../lib/gcc/arm-none-eabi/5.4.1/../../../../arm-none-eabi/lib/armv6-m\libcr_c.a(strlen.o)
 .ARM.attributes
                0x000007aa       0x31 c:/nxp/mcuxpressoide_10.0.2_411/ide/tools/bin/../lib/gcc/arm-none-eabi/5.4.1/../../../../arm-none-eabi/lib/armv6-m\libcr_c.a(_cr_check_heap.o)
 .ARM.attributes
                0x000007db       0x31 c:/nxp/mcuxpressoide_10.0.2_411/ide/tools/bin/../lib/gcc/arm-none-eabi/5.4.1/../../../../arm-none-eabi/lib/armv6-m\libcr_c.a(_do_fflush.o)
 .ARM.attributes
                0x0000080c       0x21 c:/nxp/mcuxpressoide_10.0.2_411/ide/tools/bin/../lib/gcc/arm-none-eabi/5.4.1/armv6-m\libcr_eabihelpers.a(division_32.o)
 .ARM.attributes
                0x0000082d       0x21 c:/nxp/mcuxpressoide_10.0.2_411/ide/tools/bin/../lib/gcc/arm-none-eabi/5.4.1/armv6-m\libcr_eabihelpers.a(division_idiv0.o)
 .ARM.attributes
                0x0000084e       0x21 c:/nxp/mcuxpressoide_10.0.2_411/ide/tools/bin/../lib/gcc/arm-none-eabi/5.4.1/armv6-m\libcr_eabihelpers.a(memcpy.o)
 .ARM.attributes
                0x0000086f       0x21 c:/nxp/mcuxpressoide_10.0.2_411/ide/tools/bin/../lib/gcc/arm-none-eabi/5.4.1/../../../../arm-none-eabi/lib/armv6-m\libcr_semihost_nf.a(__sys_close.o)
 .ARM.attributes
                0x00000890       0x21 c:/nxp/mcuxpressoide_10.0.2_411/ide/tools/bin/../lib/gcc/arm-none-eabi/5.4.1/../../../../arm-none-eabi/lib/armv6-m\libcr_semihost_nf.a(__sys_flen.o)
 .ARM.attributes
                0x000008b1       0x21 c:/nxp/mcuxpressoide_10.0.2_411/ide/tools/bin/../lib/gcc/arm-none-eabi/5.4.1/../../../../arm-none-eabi/lib/armv6-m\libcr_semihost_nf.a(__sys_istty.o)
 .ARM.attributes
                0x000008d2       0x21 c:/nxp/mcuxpressoide_10.0.2_411/ide/tools/bin/../lib/gcc/arm-none-eabi/5.4.1/../../../../arm-none-eabi/lib/armv6-m\libcr_semihost_nf.a(__sys_remove.o)
 .ARM.attributes
                0x000008f3       0x21 c:/nxp/mcuxpressoide_10.0.2_411/ide/tools/bin/../lib/gcc/arm-none-eabi/5.4.1/../../../../arm-none-eabi/lib/armv6-m\libcr_semihost_nf.a(__sys_seek.o)
 .ARM.attributes
                0x00000914       0x21 c:/nxp/mcuxpressoide_10.0.2_411/ide/tools/bin/../lib/gcc/arm-none-eabi/5.4.1/../../../../arm-none-eabi/lib/armv6-m\libcr_semihost_nf.a(__sys_tmpnam.o)
 .ARM.attributes
                0x00000935       0x21 c:/nxp/mcuxpressoide_10.0.2_411/ide/tools/bin/../lib/gcc/arm-none-eabi/5.4.1/../../../../arm-none-eabi/lib/armv6-m\libcr_semihost_nf.a(__sys_write.o)

.debug_frame    0x00000000     0x196c
 .debug_frame   0x00000000       0xcc ./utilities/fsl_debug_console.o
 .debug_frame   0x000000cc      0x3b0 ./startup/startup_mkl46z4.o
 .debug_frame   0x0000047c       0x6c ./source/ADC.o
 .debug_frame   0x000004e8       0x8c ./source/LCD.o
 .debug_frame   0x00000574       0x4c ./source/LED.o
 .debug_frame   0x000005c0       0xa8 ./source/PWM.o
 .debug_frame   0x00000668       0x50 ./source/Robot.o
 .debug_frame   0x000006b8       0xc8 ./source/camera.o
 .debug_frame   0x00000780       0x48 ./source/collision.o
 .debug_frame   0x000007c8       0x30 ./source/delay.o
 .debug_frame   0x000007f8       0x50 ./frdmkl46z/board.o
 .debug_frame   0x00000848      0x100 ./frdmkl46z/clock_config.o
 .debug_frame   0x00000948       0x88 ./frdmkl46z/pin_mux.o
 .debug_frame   0x000009d0      0x6dc ./drivers/fsl_clock.o
 .debug_frame   0x000010ac      0x410 ./drivers/fsl_lpsci.o
 .debug_frame   0x000014bc      0x464 ./drivers/fsl_uart.o
 .debug_frame   0x00001920       0x4c ./CMSIS/system_MKL46Z4.o
